Archive member included to satisfy reference by file (symbol)

/usr/lib/gcc/arm-none-eabi/5.1.0/../../../../arm-none-eabi/lib/armv7e-m/softfp/libc_nano.a(lib_a-atexit.o)
                              /usr/lib/gcc/arm-none-eabi/5.1.0/../../../../arm-none-eabi/lib/armv7e-m/softfp/crt0.o (atexit)
/usr/lib/gcc/arm-none-eabi/5.1.0/../../../../arm-none-eabi/lib/armv7e-m/softfp/libc_nano.a(lib_a-exit.o)
                              /usr/lib/gcc/arm-none-eabi/5.1.0/../../../../arm-none-eabi/lib/armv7e-m/softfp/crt0.o (exit)
/usr/lib/gcc/arm-none-eabi/5.1.0/../../../../arm-none-eabi/lib/armv7e-m/softfp/libc_nano.a(lib_a-fini.o)
                              /usr/lib/gcc/arm-none-eabi/5.1.0/../../../../arm-none-eabi/lib/armv7e-m/softfp/crt0.o (__libc_fini_array)
/usr/lib/gcc/arm-none-eabi/5.1.0/../../../../arm-none-eabi/lib/armv7e-m/softfp/libc_nano.a(lib_a-impure.o)
                              /usr/lib/gcc/arm-none-eabi/5.1.0/../../../../arm-none-eabi/lib/armv7e-m/softfp/libc_nano.a(lib_a-exit.o) (_global_impure_ptr)
/usr/lib/gcc/arm-none-eabi/5.1.0/../../../../arm-none-eabi/lib/armv7e-m/softfp/libc_nano.a(lib_a-init.o)
                              /usr/lib/gcc/arm-none-eabi/5.1.0/../../../../arm-none-eabi/lib/armv7e-m/softfp/crt0.o (__libc_init_array)
/usr/lib/gcc/arm-none-eabi/5.1.0/../../../../arm-none-eabi/lib/armv7e-m/softfp/libc_nano.a(lib_a-malloc.o)
                              build/triggerchannel.o (malloc)
/usr/lib/gcc/arm-none-eabi/5.1.0/../../../../arm-none-eabi/lib/armv7e-m/softfp/libc_nano.a(lib_a-memcpy.o)
                              build/midi.o (memcpy)
/usr/lib/gcc/arm-none-eabi/5.1.0/../../../../arm-none-eabi/lib/armv7e-m/softfp/libc_nano.a(lib_a-memset.o)
                              /usr/lib/gcc/arm-none-eabi/5.1.0/../../../../arm-none-eabi/lib/armv7e-m/softfp/crt0.o (memset)
/usr/lib/gcc/arm-none-eabi/5.1.0/../../../../arm-none-eabi/lib/armv7e-m/softfp/libc_nano.a(lib_a-nano-freer.o)
                              /usr/lib/gcc/arm-none-eabi/5.1.0/../../../../arm-none-eabi/lib/armv7e-m/softfp/libc_nano.a(lib_a-malloc.o) (_free_r)
/usr/lib/gcc/arm-none-eabi/5.1.0/../../../../arm-none-eabi/lib/armv7e-m/softfp/libc_nano.a(lib_a-nano-mallocr.o)
                              /usr/lib/gcc/arm-none-eabi/5.1.0/../../../../arm-none-eabi/lib/armv7e-m/softfp/libc_nano.a(lib_a-malloc.o) (_malloc_r)
/usr/lib/gcc/arm-none-eabi/5.1.0/../../../../arm-none-eabi/lib/armv7e-m/softfp/libc_nano.a(lib_a-sbrkr.o)
                              /usr/lib/gcc/arm-none-eabi/5.1.0/../../../../arm-none-eabi/lib/armv7e-m/softfp/libc_nano.a(lib_a-nano-mallocr.o) (_sbrk_r)
/usr/lib/gcc/arm-none-eabi/5.1.0/../../../../arm-none-eabi/lib/armv7e-m/softfp/libc_nano.a(lib_a-sprintf.o)
                              build/hihatchannel.o (sprintf)
/usr/lib/gcc/arm-none-eabi/5.1.0/../../../../arm-none-eabi/lib/armv7e-m/softfp/libc_nano.a(lib_a-__atexit.o)
                              /usr/lib/gcc/arm-none-eabi/5.1.0/../../../../arm-none-eabi/lib/armv7e-m/softfp/libc_nano.a(lib_a-atexit.o) (__register_exitproc)
/usr/lib/gcc/arm-none-eabi/5.1.0/../../../../arm-none-eabi/lib/armv7e-m/softfp/libc_nano.a(lib_a-__call_atexit.o)
                              /usr/lib/gcc/arm-none-eabi/5.1.0/../../../../arm-none-eabi/lib/armv7e-m/softfp/libc_nano.a(lib_a-__atexit.o) (__call_exitprocs)
/usr/lib/gcc/arm-none-eabi/5.1.0/../../../../arm-none-eabi/lib/armv7e-m/softfp/libc_nano.a(lib_a-nano-svfprintf.o)
                              /usr/lib/gcc/arm-none-eabi/5.1.0/../../../../arm-none-eabi/lib/armv7e-m/softfp/libc_nano.a(lib_a-sprintf.o) (_svfprintf_r)
/usr/lib/gcc/arm-none-eabi/5.1.0/../../../../arm-none-eabi/lib/armv7e-m/softfp/libc_nano.a(lib_a-nano-vfprintf_i.o)
                              /usr/lib/gcc/arm-none-eabi/5.1.0/../../../../arm-none-eabi/lib/armv7e-m/softfp/libc_nano.a(lib_a-nano-svfprintf.o) (_printf_i)
/usr/lib/gcc/arm-none-eabi/5.1.0/../../../../arm-none-eabi/lib/armv7e-m/softfp/libc_nano.a(lib_a-reent.o)
                              /usr/lib/gcc/arm-none-eabi/5.1.0/../../../../arm-none-eabi/lib/armv7e-m/softfp/libc_nano.a(lib_a-sbrkr.o) (errno)
/usr/lib/gcc/arm-none-eabi/5.1.0/../../../../arm-none-eabi/lib/armv7e-m/softfp/libc_nano.a(lib_a-memchr.o)
                              /usr/lib/gcc/arm-none-eabi/5.1.0/../../../../arm-none-eabi/lib/armv7e-m/softfp/libc_nano.a(lib_a-nano-svfprintf.o) (memchr)
/usr/lib/gcc/arm-none-eabi/5.1.0/../../../../arm-none-eabi/lib/armv7e-m/softfp/libc_nano.a(lib_a-memmove.o)
                              /usr/lib/gcc/arm-none-eabi/5.1.0/../../../../arm-none-eabi/lib/armv7e-m/softfp/libc_nano.a(lib_a-nano-svfprintf.o) (memmove)
/usr/lib/gcc/arm-none-eabi/5.1.0/../../../../arm-none-eabi/lib/armv7e-m/softfp/libc_nano.a(lib_a-nano-reallocr.o)
                              /usr/lib/gcc/arm-none-eabi/5.1.0/../../../../arm-none-eabi/lib/armv7e-m/softfp/libc_nano.a(lib_a-nano-svfprintf.o) (_realloc_r)
[...]
Memory Configuration

Name             Origin             Length             Attributes
FLASH            0x0000000008000000 0x0000000000040000 xr
RAM              0x0000000020000000 0x000000000000a000 xrw
CCMRAM           0x0000000010000000 0x0000000000002000 rw
*default*        0x0000000000000000 0xffffffffffffffff

Linker script and memory map

LOAD /usr/lib/gcc/arm-none-eabi/5.1.0/armv7e-m/softfp/crti.o
LOAD /usr/lib/gcc/arm-none-eabi/5.1.0/armv7e-m/softfp/crtbegin.o
LOAD /usr/lib/gcc/arm-none-eabi/5.1.0/../../../../arm-none-eabi/lib/armv7e-m/softfp/crt0.o
LOAD build/system_stm32f3xx.o
LOAD build/stm32f3xx_hal.o
LOAD build/stm32f3xx_hal_adc.o
LOAD build/stm32f3xx_hal_adc_ex.o
LOAD build/stm32f3xx_hal_cortex.o
LOAD build/stm32f3xx_hal_dma.o
LOAD build/stm32f3xx_hal_flash.o
LOAD build/stm32f3xx_hal_flash_ex.o
LOAD build/stm32f3xx_hal_gpio.o
LOAD build/stm32f3xx_hal_pcd.o
LOAD build/stm32f3xx_hal_pcd_ex.o
LOAD build/stm32f3xx_hal_pwr.o
LOAD build/stm32f3xx_hal_pwr_ex.o
LOAD build/stm32f3xx_hal_rcc.o
LOAD build/stm32f3xx_hal_rcc_ex.o
LOAD build/stm32f3xx_hal_spi.o
LOAD build/stm32f3xx_hal_tim.o
LOAD build/stm32f3xx_hal_tim_ex.o
LOAD build/stm32f3xx_hal_uart.o
LOAD build/stm32f3xx_hal_uart_ex.o
LOAD build/usbd_audio.o
LOAD build/usbd_core.o
LOAD build/usbd_ctlreq.o
LOAD build/usbd_ioreq.o
LOAD build/adc.o
LOAD build/gpio.o
LOAD build/main.o
LOAD build/spi.o
LOAD build/stm32f3xx_hal_msp.o
LOAD build/stm32f3xx_it.o
LOAD build/tim.o
LOAD build/usart.o
LOAD build/usb_device.o
LOAD build/usbd_audio_if.o
LOAD build/usbd_conf.o
LOAD build/usbd_desc.o
LOAD build/mcp4251.o
LOAD build/dma.o
LOAD build/triggerchannel.o
LOAD build/hihatchannel.o
LOAD build/performance.o
LOAD build/midi.o
LOAD build/startup_stm32f303xc.o
LOAD /usr/lib/gcc/arm-none-eabi/5.1.0/../../../../arm-none-eabi/lib/armv7e-m/softfp/libc_nano.a
LOAD /usr/lib/gcc/arm-none-eabi/5.1.0/../../../../arm-none-eabi/lib/armv7e-m/softfp/libm.a
LOAD /usr/lib/gcc/arm-none-eabi/5.1.0/../../../../arm-none-eabi/lib/armv7e-m/softfp/libnosys.a
START GROUP
LOAD /usr/lib/gcc/arm-none-eabi/5.1.0/armv7e-m/softfp/libgcc.a
LOAD /usr/lib/gcc/arm-none-eabi/5.1.0/../../../../arm-none-eabi/lib/armv7e-m/softfp/libc_nano.a
END GROUP
START GROUP
LOAD /usr/lib/gcc/arm-none-eabi/5.1.0/armv7e-m/softfp/libgcc.a
LOAD /usr/lib/gcc/arm-none-eabi/5.1.0/../../../../arm-none-eabi/lib/armv7e-m/softfp/libc_nano.a
END GROUP
LOAD /usr/lib/gcc/arm-none-eabi/5.1.0/armv7e-m/softfp/crtend.o
LOAD /usr/lib/gcc/arm-none-eabi/5.1.0/armv7e-m/softfp/crtn.o
                0x0000000020009fff                _estack = 0x20009fff

.text           0x0000000008000000     0xb159
 *(.isr_vector)
 .isr_vector    0x0000000008000000      0x188 build/startup_stm32f303xc.o
                0x0000000008000000                g_pfnVectors
 *(.text*)
 .text.__do_global_dtors_aux
                0x0000000008000188       0x28 /usr/lib/gcc/arm-none-eabi/5.1.0/armv7e-m/softfp/crtbegin.o
 .text.frame_dummy
                0x00000000080001b0       0x34 /usr/lib/gcc/arm-none-eabi/5.1.0/armv7e-m/softfp/crtbegin.o
 .text.SystemInit
                0x00000000080001e4       0x94 build/system_stm32f3xx.o
                0x00000000080001e4                SystemInit
 .text.HAL_Init
                0x0000000008000278       0x2c build/stm32f3xx_hal.o
                0x0000000008000278                HAL_Init
 .text.HAL_InitTick
                0x00000000080002a4       0x38 build/stm32f3xx_hal.o
                0x00000000080002a4                HAL_InitTick
 .text.HAL_IncTick
                0x00000000080002dc       0x1c build/stm32f3xx_hal.o
                0x00000000080002dc                HAL_IncTick
 .text.HAL_GetTick
                0x00000000080002f8       0x18 build/stm32f3xx_hal.o
                0x00000000080002f8                HAL_GetTick
 .text.HAL_Delay
                0x0000000008000310       0x28 build/stm32f3xx_hal.o
                0x0000000008000310                HAL_Delay
 .text.HAL_ADC_ConvCpltCallback
                0x0000000008000338       0x14 build/stm32f3xx_hal_adc.o
                0x0000000008000338                HAL_ADC_ConvCpltCallback
 .text.HAL_ADC_ConvHalfCpltCallback
                0x000000000800034c       0x14 build/stm32f3xx_hal_adc.o
                0x000000000800034c                HAL_ADC_ConvHalfCpltCallback
 .text.HAL_ADC_ErrorCallback
                0x0000000008000360       0x14 build/stm32f3xx_hal_adc.o
                0x0000000008000360                HAL_ADC_ErrorCallback
 .text.HAL_ADC_Init
                0x0000000008000374      0x318 build/stm32f3xx_hal_adc_ex.o
                0x0000000008000374                HAL_ADC_Init
 .text.HAL_ADC_Start_DMA
                0x000000000800068c      0x12c build/stm32f3xx_hal_adc_ex.o
                0x000000000800068c                HAL_ADC_Start_DMA
 .text.HAL_ADC_ConfigChannel
                0x00000000080007b8      0x640 build/stm32f3xx_hal_adc_ex.o
                0x00000000080007b8                HAL_ADC_ConfigChannel
 .text.ADC_DMAConvCplt
                0x0000000008000df8       0x54 build/stm32f3xx_hal_adc_ex.o
 .text.ADC_DMAHalfConvCplt
                0x0000000008000e4c       0x1c build/stm32f3xx_hal_adc_ex.o
 .text.ADC_DMAError
                0x0000000008000e68       0x30 build/stm32f3xx_hal_adc_ex.o
 .text.ADC_Enable
                0x0000000008000e98       0xb4 build/stm32f3xx_hal_adc_ex.o
 .text.ADC_Disable
                0x0000000008000f4c       0xb8 build/stm32f3xx_hal_adc_ex.o
 .text.NVIC_SetPriorityGrouping
                0x0000000008001004       0x48 build/stm32f3xx_hal_cortex.o
 .text.NVIC_GetPriorityGrouping
                0x000000000800104c       0x1c build/stm32f3xx_hal_cortex.o
 .text.NVIC_EnableIRQ
                0x0000000008001068       0x34 build/stm32f3xx_hal_cortex.o
 .text.NVIC_SetPriority
                0x000000000800109c       0x54 build/stm32f3xx_hal_cortex.o
 .text.NVIC_EncodePriority
                0x00000000080010f0       0x68 build/stm32f3xx_hal_cortex.o
 .text.SysTick_Config
                0x0000000008001158       0x44 build/stm32f3xx_hal_cortex.o
 .text.HAL_NVIC_SetPriorityGrouping
                0x000000000800119c       0x18 build/stm32f3xx_hal_cortex.o
                0x000000000800119c                HAL_NVIC_SetPriorityGrouping
 .text.HAL_NVIC_SetPriority
                0x00000000080011b4       0x38 build/stm32f3xx_hal_cortex.o
                0x00000000080011b4                HAL_NVIC_SetPriority
 .text.HAL_NVIC_EnableIRQ
                0x00000000080011ec       0x1c build/stm32f3xx_hal_cortex.o
                0x00000000080011ec                HAL_NVIC_EnableIRQ
 .text.HAL_SYSTICK_Config
                0x0000000008001208       0x18 build/stm32f3xx_hal_cortex.o
                0x0000000008001208                HAL_SYSTICK_Config
 .text.HAL_SYSTICK_IRQHandler
                0x0000000008001220        0xc build/stm32f3xx_hal_cortex.o
                0x0000000008001220                HAL_SYSTICK_IRQHandler
 .text.HAL_SYSTICK_Callback
                0x000000000800122c       0x10 build/stm32f3xx_hal_cortex.o
                0x000000000800122c                HAL_SYSTICK_Callback
 .text.HAL_DMA_Init
                0x000000000800123c       0x84 build/stm32f3xx_hal_dma.o
                0x000000000800123c                HAL_DMA_Init
 .text.HAL_DMA_Start_IT
                0x00000000080012c0       0x94 build/stm32f3xx_hal_dma.o
                0x00000000080012c0                HAL_DMA_Start_IT
 .text.DMA_SetConfig
                0x0000000008001354       0x4c build/stm32f3xx_hal_dma.o
 .text.HAL_GPIO_Init
                0x00000000080013a0      0x300 build/stm32f3xx_hal_gpio.o
                0x00000000080013a0                HAL_GPIO_Init
 .text.HAL_GPIO_ReadPin
                0x00000000080016a0       0x30 build/stm32f3xx_hal_gpio.o
                0x00000000080016a0                HAL_GPIO_ReadPin
 .text.HAL_GPIO_WritePin
                0x00000000080016d0       0x30 build/stm32f3xx_hal_gpio.o
                0x00000000080016d0                HAL_GPIO_WritePin
 .text.HAL_GPIO_EXTI_IRQHandler
                0x0000000008001700       0x30 build/stm32f3xx_hal_gpio.o
                0x0000000008001700                HAL_GPIO_EXTI_IRQHandler
 .text.HAL_PCD_Init
                0x0000000008001730      0x1ac build/stm32f3xx_hal_pcd.o
                0x0000000008001730                HAL_PCD_Init
 .text.HAL_PCD_Start
                0x00000000080018dc       0x1c build/stm32f3xx_hal_pcd.o
                0x00000000080018dc                HAL_PCD_Start
 .text.PCD_EP_ISR_Handler
                0x00000000080018f8      0x680 build/stm32f3xx_hal_pcd.o
 .text.HAL_PCD_IRQHandler
                0x0000000008001f78      0x18c build/stm32f3xx_hal_pcd.o
                0x0000000008001f78                HAL_PCD_IRQHandler
 .text.HAL_PCD_SetAddress
                0x0000000008002104       0x54 build/stm32f3xx_hal_pcd.o
                0x0000000008002104                HAL_PCD_SetAddress
 .text.HAL_PCD_EP_Open
                0x0000000008002158      0x79c build/stm32f3xx_hal_pcd.o
                0x0000000008002158                HAL_PCD_EP_Open
 .text.HAL_PCD_EP_Close
                0x00000000080028f4      0x48c build/stm32f3xx_hal_pcd.o
                0x00000000080028f4                HAL_PCD_EP_Close
 .text.HAL_PCD_EP_Receive
                0x0000000008002d80      0x228 build/stm32f3xx_hal_pcd.o
                0x0000000008002d80                HAL_PCD_EP_Receive
 .text.HAL_PCD_EP_Transmit
                0x0000000008002fa8      0x2b8 build/stm32f3xx_hal_pcd.o
                0x0000000008002fa8                HAL_PCD_EP_Transmit
 .text.HAL_PCD_EP_SetStall
                0x0000000008003260      0x158 build/stm32f3xx_hal_pcd.o
                0x0000000008003260                HAL_PCD_EP_SetStall
 .text.HAL_PCD_EP_ClrStall
                0x00000000080033b8      0x1cc build/stm32f3xx_hal_pcd.o
                0x00000000080033b8                HAL_PCD_EP_ClrStall
 .text.HAL_PCDEx_PMAConfig
                0x0000000008003584       0x88 build/stm32f3xx_hal_pcd_ex.o
                0x0000000008003584                HAL_PCDEx_PMAConfig
 .text.PCD_WritePMA
                0x000000000800360c       0x80 build/stm32f3xx_hal_pcd_ex.o
                0x000000000800360c                PCD_WritePMA
 .text.PCD_ReadPMA
                0x000000000800368c       0x64 build/stm32f3xx_hal_pcd_ex.o
                0x000000000800368c                PCD_ReadPMA
 .text.HAL_PCDEx_SetConnectionState
                0x00000000080036f0       0x18 build/stm32f3xx_hal_pcd_ex.o
                0x00000000080036f0                HAL_PCDEx_SetConnectionState
 .text.HAL_RCC_ClockConfig
                0x0000000008003708      0x76c build/stm32f3xx_hal_rcc.o
                0x0000000008003708                HAL_RCC_ClockConfig
 .text.HAL_RCC_EnableCSS
                0x0000000008003e74       0x18 build/stm32f3xx_hal_rcc.o
                0x0000000008003e74                HAL_RCC_EnableCSS
 .text.HAL_RCC_GetHCLKFreq
                0x0000000008003e8c       0x58 build/stm32f3xx_hal_rcc.o
                0x0000000008003e8c                HAL_RCC_GetHCLKFreq
 .text.HAL_RCC_GetPCLK1Freq
                0x0000000008003ee4       0x4c build/stm32f3xx_hal_rcc.o
                0x0000000008003ee4                HAL_RCC_GetPCLK1Freq
 .text.HAL_RCC_GetPCLK2Freq
                0x0000000008003f30       0x4c build/stm32f3xx_hal_rcc.o
                0x0000000008003f30                HAL_RCC_GetPCLK2Freq
 .text.HAL_RCC_NMI_IRQHandler
                0x0000000008003f7c       0x28 build/stm32f3xx_hal_rcc.o
                0x0000000008003f7c                HAL_RCC_NMI_IRQHandler
 .text.HAL_RCC_CCSCallback
                0x0000000008003fa4       0x10 build/stm32f3xx_hal_rcc.o
                0x0000000008003fa4                HAL_RCC_CCSCallback
 .text.HAL_RCCEx_PeriphCLKConfig
                0x0000000008003fb4      0x2fc build/stm32f3xx_hal_rcc_ex.o
                0x0000000008003fb4                HAL_RCCEx_PeriphCLKConfig
 .text.HAL_RCC_OscConfig
                0x00000000080042b0     0x123c build/stm32f3xx_hal_rcc_ex.o
                0x00000000080042b0                HAL_RCC_OscConfig
 .text.HAL_RCC_GetSysClockFreq
                0x00000000080054ec       0xe4 build/stm32f3xx_hal_rcc_ex.o
                0x00000000080054ec                HAL_RCC_GetSysClockFreq
 .text.HAL_SPI_Init
                0x00000000080055d0      0x11c build/stm32f3xx_hal_spi.o
                0x00000000080055d0                HAL_SPI_Init
 .text.HAL_SPI_TransmitReceive
                0x00000000080056ec      0x450 build/stm32f3xx_hal_spi.o
                0x00000000080056ec                HAL_SPI_TransmitReceive
 .text.SPI_WaitFlagStateUntilTimeout
                0x0000000008005b3c       0xcc build/stm32f3xx_hal_spi.o
 .text.SPI_WaitFifoStateUntilTimeout
                0x0000000008005c08       0xe4 build/stm32f3xx_hal_spi.o
 .text.SPI_EndRxTxTransaction
                0x0000000008005cec       0x90 build/stm32f3xx_hal_spi.o
 .text.HAL_TIM_Base_Init
                0x0000000008005d7c       0x50 build/stm32f3xx_hal_tim.o
                0x0000000008005d7c                HAL_TIM_Base_Init
 .text.HAL_TIM_Base_Start_IT
                0x0000000008005dcc       0x38 build/stm32f3xx_hal_tim.o
                0x0000000008005dcc                HAL_TIM_Base_Start_IT
 .text.HAL_TIM_IRQHandler
                0x0000000008005e04      0x210 build/stm32f3xx_hal_tim.o
                0x0000000008005e04                HAL_TIM_IRQHandler
 .text.HAL_TIM_ConfigClockSource
                0x0000000008006014      0x1c4 build/stm32f3xx_hal_tim.o
                0x0000000008006014                HAL_TIM_ConfigClockSource
 .text.HAL_TIM_PeriodElapsedCallback
                0x00000000080061d8       0x14 build/stm32f3xx_hal_tim.o
                0x00000000080061d8                HAL_TIM_PeriodElapsedCallback
 .text.HAL_TIM_OC_DelayElapsedCallback
                0x00000000080061ec       0x14 build/stm32f3xx_hal_tim.o
                0x00000000080061ec                HAL_TIM_OC_DelayElapsedCallback
 .text.HAL_TIM_IC_CaptureCallback
                0x0000000008006200       0x14 build/stm32f3xx_hal_tim.o
                0x0000000008006200                HAL_TIM_IC_CaptureCallback
 .text.HAL_TIM_PWM_PulseFinishedCallback
                0x0000000008006214       0x14 build/stm32f3xx_hal_tim.o
                0x0000000008006214                HAL_TIM_PWM_PulseFinishedCallback
 .text.HAL_TIM_TriggerCallback
                0x0000000008006228       0x14 build/stm32f3xx_hal_tim.o
                0x0000000008006228                HAL_TIM_TriggerCallback
 .text.TIM_Base_SetConfig
                0x000000000800623c      0x114 build/stm32f3xx_hal_tim.o
                0x000000000800623c                TIM_Base_SetConfig
 .text.TIM_TI1_ConfigInputStage
                0x0000000008006350       0x68 build/stm32f3xx_hal_tim.o
 .text.TIM_TI2_ConfigInputStage
                0x00000000080063b8       0x68 build/stm32f3xx_hal_tim.o
 .text.TIM_ITRx_SetConfig
                0x0000000008006420       0x40 build/stm32f3xx_hal_tim.o
 .text.TIM_ETR_SetConfig
                0x0000000008006460       0x44 build/stm32f3xx_hal_tim.o
                0x0000000008006460                TIM_ETR_SetConfig
 .text.HAL_TIMEx_MasterConfigSynchronization
                0x00000000080064a4       0xa8 build/stm32f3xx_hal_tim_ex.o
                0x00000000080064a4                HAL_TIMEx_MasterConfigSynchronization
 .text.HAL_TIMEx_CommutationCallback
                0x000000000800654c       0x14 build/stm32f3xx_hal_tim_ex.o
                0x000000000800654c                HAL_TIMEx_CommutationCallback
 .text.HAL_TIMEx_BreakCallback
                0x0000000008006560       0x14 build/stm32f3xx_hal_tim_ex.o
                0x0000000008006560                HAL_TIMEx_BreakCallback
 .text.HAL_UART_Init
                0x0000000008006574       0x98 build/stm32f3xx_hal_uart.o
                0x0000000008006574                HAL_UART_Init
 .text.HAL_UART_Transmit_IT
                0x000000000800660c       0xbc build/stm32f3xx_hal_uart.o
                0x000000000800660c                HAL_UART_Transmit_IT
 .text.HAL_UART_IRQHandler
                0x00000000080066c8      0x1c4 build/stm32f3xx_hal_uart.o
                0x00000000080066c8                HAL_UART_IRQHandler
 .text.UART_WaitOnFlagUntilTimeout
                0x000000000800688c      0x130 build/stm32f3xx_hal_uart.o
                0x000000000800688c                UART_WaitOnFlagUntilTimeout
 .text.HAL_UART_RxCpltCallback
                0x00000000080069bc       0x14 build/stm32f3xx_hal_uart.o
                0x00000000080069bc                HAL_UART_RxCpltCallback
 .text.HAL_UART_WakeupCallback
                0x00000000080069d0       0x14 build/stm32f3xx_hal_uart.o
                0x00000000080069d0                HAL_UART_WakeupCallback
 .text.UART_SetConfig
                0x00000000080069e4      0x38c build/stm32f3xx_hal_uart.o
                0x00000000080069e4                UART_SetConfig
 .text.UART_AdvFeatureConfig
                0x0000000008006d70      0x144 build/stm32f3xx_hal_uart.o
                0x0000000008006d70                UART_AdvFeatureConfig
 .text.UART_CheckIdleState
                0x0000000008006eb4       0x7c build/stm32f3xx_hal_uart.o
                0x0000000008006eb4                UART_CheckIdleState
 .text.HAL_UART_GetState
                0x0000000008006f30       0x1c build/stm32f3xx_hal_uart.o
                0x0000000008006f30                HAL_UART_GetState
 .text.UART_Transmit_IT
                0x0000000008006f4c       0xb4 build/stm32f3xx_hal_uart.o
 .text.UART_EndTransmit_IT
                0x0000000008007000       0x54 build/stm32f3xx_hal_uart.o
 .text.UART_Receive_IT
                0x0000000008007054       0xf8 build/stm32f3xx_hal_uart.o
 .text.USBD_AUDIO_Init
                0x000000000800714c       0xa8 build/usbd_audio.o
 .text.USBD_AUDIO_DeInit
                0x00000000080071f4       0x48 build/usbd_audio.o
 .text.USBD_AUDIO_Setup
                0x000000000800723c       0xe0 build/usbd_audio.o
 .text.USBD_AUDIO_GetCfgDesc
                0x000000000800731c       0x20 build/usbd_audio.o
 .text.USBD_AUDIO_DataIn
                0x000000000800733c       0x1c build/usbd_audio.o
 .text.USBD_AUDIO_EP0_RxReady
                0x0000000008007358       0x64 build/usbd_audio.o
 .text.USBD_AUDIO_EP0_TxReady
                0x00000000080073bc       0x18 build/usbd_audio.o
 .text.USBD_AUDIO_SOF
                0x00000000080073d4       0x18 build/usbd_audio.o
 .text.USBD_AUDIO_IsoINIncomplete
                0x00000000080073ec       0x1c build/usbd_audio.o
 .text.USBD_AUDIO_IsoOutIncomplete
                0x0000000008007408       0x1c build/usbd_audio.o
 .text.USBD_AUDIO_DataOut
                0x0000000008007424       0xcc build/usbd_audio.o
 .text.AUDIO_REQ_GetCurrent
                0x00000000080074f0       0x40 build/usbd_audio.o
 .text.AUDIO_REQ_SetCurrent
                0x0000000008007530       0x68 build/usbd_audio.o
 .text.USBD_AUDIO_GetDeviceQualifierDesc
                0x0000000008007598       0x20 build/usbd_audio.o
 .text.USBD_AUDIO_RegisterInterface
                0x00000000080075b8       0x28 build/usbd_audio.o
                0x00000000080075b8                USBD_AUDIO_RegisterInterface
 .text.USBD_Init
                0x00000000080075e0       0x58 build/usbd_core.o
                0x00000000080075e0                USBD_Init
 .text.USBD_RegisterClass
                0x0000000008007638       0x34 build/usbd_core.o
                0x0000000008007638                USBD_RegisterClass
 .text.USBD_Start
                0x000000000800766c       0x18 build/usbd_core.o
                0x000000000800766c                USBD_Start
 .text.USBD_RunTestMode
                0x0000000008007684       0x18 build/usbd_core.o
                0x0000000008007684                USBD_RunTestMode
 .text.USBD_SetClassConfig
                0x000000000800769c       0x40 build/usbd_core.o
                0x000000000800769c                USBD_SetClassConfig
 .text.USBD_ClrClassConfig
                0x00000000080076dc       0x28 build/usbd_core.o
                0x00000000080076dc                USBD_ClrClassConfig
 .text.USBD_LL_SetupStage
                0x0000000008007704       0x94 build/usbd_core.o
                0x0000000008007704                USBD_LL_SetupStage
 .text.USBD_LL_DataOutStage
                0x0000000008007798       0xb8 build/usbd_core.o
                0x0000000008007798                USBD_LL_DataOutStage
 .text.USBD_LL_DataInStage
                0x0000000008007850      0x108 build/usbd_core.o
                0x0000000008007850                USBD_LL_DataInStage
 .text.USBD_LL_Reset
                0x0000000008007958       0x60 build/usbd_core.o
                0x0000000008007958                USBD_LL_Reset
 .text.USBD_LL_SetSpeed
                0x00000000080079b8       0x20 build/usbd_core.o
                0x00000000080079b8                USBD_LL_SetSpeed
 .text.USBD_LL_Suspend
                0x00000000080079d8       0x2c build/usbd_core.o
                0x00000000080079d8                USBD_LL_Suspend
 .text.USBD_LL_Resume
                0x0000000008007a04       0x24 build/usbd_core.o
                0x0000000008007a04                USBD_LL_Resume
 .text.USBD_LL_SOF
                0x0000000008007a28       0x34 build/usbd_core.o
                0x0000000008007a28                USBD_LL_SOF
 .text.USBD_StdDevReq
                0x0000000008007a5c       0xa0 build/usbd_ctlreq.o
                0x0000000008007a5c                USBD_StdDevReq
 .text.USBD_StdItfReq
                0x0000000008007afc       0x68 build/usbd_ctlreq.o
                0x0000000008007afc                USBD_StdItfReq
 .text.USBD_StdEPReq
                0x0000000008007b64      0x194 build/usbd_ctlreq.o
                0x0000000008007b64                USBD_StdEPReq
 .text.USBD_GetDescriptor
                0x0000000008007cf8      0x1e8 build/usbd_ctlreq.o
 .text.USBD_SetAddress
                0x0000000008007ee0       0x7c build/usbd_ctlreq.o
 .text.USBD_SetConfig
                0x0000000008007f5c      0x110 build/usbd_ctlreq.o
 .text.USBD_GetConfig
                0x000000000800806c       0x64 build/usbd_ctlreq.o
 .text.USBD_GetStatus
                0x00000000080080d0       0x54 build/usbd_ctlreq.o
 .text.USBD_SetFeature
                0x0000000008008124       0x38 build/usbd_ctlreq.o
 .text.USBD_ClrFeature
                0x000000000800815c       0x50 build/usbd_ctlreq.o
 .text.USBD_ParseSetupRequest
                0x00000000080081ac       0x7c build/usbd_ctlreq.o
                0x00000000080081ac                USBD_ParseSetupRequest
 .text.USBD_CtlError
                0x0000000008008228       0x24 build/usbd_ctlreq.o
                0x0000000008008228                USBD_CtlError
 .text.USBD_GetString
                0x000000000800824c       0x88 build/usbd_ctlreq.o
                0x000000000800824c                USBD_GetString
 .text.USBD_GetLen
                0x00000000080082d4       0x30 build/usbd_ctlreq.o
 .text.USBD_CtlSendData
                0x0000000008008304       0x38 build/usbd_ioreq.o
                0x0000000008008304                USBD_CtlSendData
 .text.USBD_CtlContinueSendData
                0x000000000800833c       0x24 build/usbd_ioreq.o
                0x000000000800833c                USBD_CtlContinueSendData
 .text.USBD_CtlPrepareRx
                0x0000000008008360       0x3c build/usbd_ioreq.o
                0x0000000008008360                USBD_CtlPrepareRx
 .text.USBD_CtlContinueRx
                0x000000000800839c       0x24 build/usbd_ioreq.o
                0x000000000800839c                USBD_CtlContinueRx
 .text.USBD_CtlSendStatus
                0x00000000080083c0       0x28 build/usbd_ioreq.o
                0x00000000080083c0                USBD_CtlSendStatus
 .text.USBD_CtlReceiveStatus
                0x00000000080083e8       0x28 build/usbd_ioreq.o
                0x00000000080083e8                USBD_CtlReceiveStatus
 .text.MX_ADC1_Init
                0x0000000008008410      0x12c build/adc.o
                0x0000000008008410                MX_ADC1_Init
 .text.MX_ADC2_Init
                0x000000000800853c       0xf8 build/adc.o
                0x000000000800853c                MX_ADC2_Init
 .text.MX_ADC3_Init
                0x0000000008008634       0xb0 build/adc.o
                0x0000000008008634                MX_ADC3_Init
 .text.MX_ADC4_Init
                0x00000000080086e4       0xa0 build/adc.o
                0x00000000080086e4                MX_ADC4_Init
 .text.HAL_ADC_MspInit
                0x0000000008008784      0x30c build/adc.o
                0x0000000008008784                HAL_ADC_MspInit
 .text.MX_GPIO_Init
                0x0000000008008a90       0xe4 build/gpio.o
                0x0000000008008a90                MX_GPIO_Init
 .text.initHeadChannels
                0x0000000008008b74      0x224 build/main.o
                0x0000000008008b74                initHeadChannels
 .text.initRimChannels
                0x0000000008008d98      0x26c build/main.o
                0x0000000008008d98                initRimChannels
 .text.initHiHatChannels
                0x0000000008009004       0x34 build/main.o
                0x0000000008009004                initHiHatChannels
 .text.HAL_GPIO_EXTI_Callback
                0x0000000008009038       0x44 build/main.o
                0x0000000008009038                HAL_GPIO_EXTI_Callback
 .text.HAL_UART_TxCpltCallback
                0x000000000800907c       0x20 build/main.o
                0x000000000800907c                HAL_UART_TxCpltCallback
 .text.HAL_UART_ErrorCallback
                0x000000000800909c       0x20 build/main.o
                0x000000000800909c                HAL_UART_ErrorCallback
 .text.onTimer1Triggered
                0x00000000080090bc       0x60 build/main.o
                0x00000000080090bc                onTimer1Triggered
 .text.onTimer2Triggered
                0x000000000800911c       0x38 build/main.o
                0x000000000800911c                onTimer2Triggered
 .text.onBtn0Triggered
                0x0000000008009154       0x14 build/main.o
                0x0000000008009154                onBtn0Triggered
 .text.onBtn1Triggered
                0x0000000008009168       0x18 build/main.o
                0x0000000008009168                onBtn1Triggered
 .text.onBtn2Triggered
                0x0000000008009180       0x10 build/main.o
                0x0000000008009180                onBtn2Triggered
 .text.main     0x0000000008009190       0xec build/main.o
                0x0000000008009190                main
 .text.SystemClock_Config
                0x000000000800927c       0x98 build/main.o
                0x000000000800927c                SystemClock_Config
 .text.MX_SPI2_Init
                0x0000000008009314       0x64 build/spi.o
                0x0000000008009314                MX_SPI2_Init
 .text.HAL_SPI_MspInit
                0x0000000008009378       0x7c build/spi.o
                0x0000000008009378                HAL_SPI_MspInit
 .text.HAL_MspInit
                0x00000000080093f4       0x1c build/stm32f3xx_hal_msp.o
                0x00000000080093f4                HAL_MspInit
 .text.TIM2_IRQHandler
                0x0000000008009410       0x30 build/stm32f3xx_it.o
                0x0000000008009410                TIM2_IRQHandler
 .text.SysTick_Handler
                0x0000000008009440       0x10 build/stm32f3xx_it.o
                0x0000000008009440                SysTick_Handler
 .text.USART1_IRQHandler
                0x0000000008009450       0x14 build/stm32f3xx_it.o
                0x0000000008009450                USART1_IRQHandler
 .text.EXTI15_10_IRQHandler
                0x0000000008009464       0x18 build/stm32f3xx_it.o
                0x0000000008009464                EXTI15_10_IRQHandler
 .text.TIM3_IRQHandler
                0x000000000800947c       0xc8 build/stm32f3xx_it.o
                0x000000000800947c                TIM3_IRQHandler
 .text.TIM1_UP_TIM16_IRQHandler
                0x0000000008009544       0x70 build/stm32f3xx_it.o
                0x0000000008009544                TIM1_UP_TIM16_IRQHandler
 .text.NMI_Handler
                0x00000000080095b4        0xc build/stm32f3xx_it.o
                0x00000000080095b4                NMI_Handler
 .text.USB_LP_CAN_RX0_IRQHandler
                0x00000000080095c0       0x14 build/stm32f3xx_it.o
                0x00000000080095c0                USB_LP_CAN_RX0_IRQHandler
 .text.USART3_IRQHandler
                0x00000000080095d4       0x14 build/stm32f3xx_it.o
                0x00000000080095d4                USART3_IRQHandler
 .text.MX_TIM1_Init
                0x00000000080095e8       0x6c build/tim.o
                0x00000000080095e8                MX_TIM1_Init
 .text.MX_TIM2_Init
                0x0000000008009654       0x60 build/tim.o
                0x0000000008009654                MX_TIM2_Init
 .text.MX_TIM3_Init
                0x00000000080096b4       0x60 build/tim.o
                0x00000000080096b4                MX_TIM3_Init
 .text.HAL_TIM_Base_MspInit
                0x0000000008009714       0x94 build/tim.o
                0x0000000008009714                HAL_TIM_Base_MspInit
 .text.MX_USART1_UART_Init
                0x00000000080097a8       0x54 build/usart.o
                0x00000000080097a8                MX_USART1_UART_Init
 .text.MX_USART3_UART_Init
                0x00000000080097fc       0x54 build/usart.o
                0x00000000080097fc                MX_USART3_UART_Init
 .text.HAL_UART_MspInit
                0x0000000008009850       0xb4 build/usart.o
                0x0000000008009850                HAL_UART_MspInit
 .text.MX_USB_DEVICE_Init
                0x0000000008009904       0x38 build/usb_device.o
                0x0000000008009904                MX_USB_DEVICE_Init
 .text.AUDIO_Init_FS
                0x000000000800993c       0x2c build/usbd_audio_if.o
 .text.AUDIO_DeInit_FS
                0x0000000008009968       0x18 build/usbd_audio_if.o
 .text.AUDIO_AudioCmd_FS
                0x0000000008009980       0x2c build/usbd_audio_if.o
 .text.AUDIO_VolumeCtl_FS
                0x00000000080099ac       0x1c build/usbd_audio_if.o
 .text.AUDIO_MuteCtl_FS
                0x00000000080099c8       0x1c build/usbd_audio_if.o
 .text.AUDIO_PeriodicTC_FS
                0x00000000080099e4       0x1c build/usbd_audio_if.o
 .text.AUDIO_GetState_FS
                0x0000000008009a00       0x14 build/usbd_audio_if.o
 .text.HAL_PCD_MspInit
                0x0000000008009a14       0x64 build/usbd_conf.o
                0x0000000008009a14                HAL_PCD_MspInit
 .text.HAL_PCD_SetupStageCallback
                0x0000000008009a78       0x24 build/usbd_conf.o
                0x0000000008009a78                HAL_PCD_SetupStageCallback
 .text.HAL_PCD_DataOutStageCallback
                0x0000000008009a9c       0x38 build/usbd_conf.o
                0x0000000008009a9c                HAL_PCD_DataOutStageCallback
 .text.HAL_PCD_DataInStageCallback
                0x0000000008009ad4       0x34 build/usbd_conf.o
                0x0000000008009ad4                HAL_PCD_DataInStageCallback
 .text.HAL_PCD_SOFCallback
                0x0000000008009b08       0x1c build/usbd_conf.o
                0x0000000008009b08                HAL_PCD_SOFCallback
 .text.HAL_PCD_ResetCallback
                0x0000000008009b24       0x44 build/usbd_conf.o
                0x0000000008009b24                HAL_PCD_ResetCallback
 .text.HAL_PCD_SuspendCallback
                0x0000000008009b68       0x1c build/usbd_conf.o
                0x0000000008009b68                HAL_PCD_SuspendCallback
 .text.HAL_PCD_ResumeCallback
                0x0000000008009b84       0x3c build/usbd_conf.o
                0x0000000008009b84                HAL_PCD_ResumeCallback
 .text.USBD_LL_Init
                0x0000000008009bc0       0x80 build/usbd_conf.o
                0x0000000008009bc0                USBD_LL_Init
 .text.USBD_LL_Start
                0x0000000008009c40       0x20 build/usbd_conf.o
                0x0000000008009c40                USBD_LL_Start
 .text.USBD_LL_OpenEP
                0x0000000008009c60       0x34 build/usbd_conf.o
                0x0000000008009c60                USBD_LL_OpenEP
 .text.USBD_LL_CloseEP
                0x0000000008009c94       0x28 build/usbd_conf.o
                0x0000000008009c94                USBD_LL_CloseEP
 .text.USBD_LL_StallEP
                0x0000000008009cbc       0x28 build/usbd_conf.o
                0x0000000008009cbc                USBD_LL_StallEP
 .text.USBD_LL_ClearStallEP
                0x0000000008009ce4       0x28 build/usbd_conf.o
                0x0000000008009ce4                USBD_LL_ClearStallEP
 .text.USBD_LL_IsStallEP
                0x0000000008009d0c       0x58 build/usbd_conf.o
                0x0000000008009d0c                USBD_LL_IsStallEP
 .text.USBD_LL_SetUSBAddress
                0x0000000008009d64       0x28 build/usbd_conf.o
                0x0000000008009d64                USBD_LL_SetUSBAddress
 .text.USBD_LL_Transmit
                0x0000000008009d8c       0x30 build/usbd_conf.o
                0x0000000008009d8c                USBD_LL_Transmit
 .text.USBD_LL_PrepareReceive
                0x0000000008009dbc       0x30 build/usbd_conf.o
                0x0000000008009dbc                USBD_LL_PrepareReceive
 .text.USBD_static_malloc
                0x0000000008009dec       0x1c build/usbd_conf.o
                0x0000000008009dec                USBD_static_malloc
 .text.USBD_static_free
                0x0000000008009e08       0x18 build/usbd_conf.o
                0x0000000008009e08                USBD_static_free
 .text.SystemClockConfig_Resume
                0x0000000008009e20        0xc build/usbd_conf.o
 .text.USBD_FS_DeviceDescriptor
                0x0000000008009e2c       0x24 build/usbd_desc.o
                0x0000000008009e2c                USBD_FS_DeviceDescriptor
 .text.USBD_FS_LangIDStrDescriptor
                0x0000000008009e50       0x24 build/usbd_desc.o
                0x0000000008009e50                USBD_FS_LangIDStrDescriptor
 .text.USBD_FS_ProductStrDescriptor
                0x0000000008009e74       0x3c build/usbd_desc.o
                0x0000000008009e74                USBD_FS_ProductStrDescriptor
 .text.USBD_FS_ManufacturerStrDescriptor
                0x0000000008009eb0       0x28 build/usbd_desc.o
                0x0000000008009eb0                USBD_FS_ManufacturerStrDescriptor
 .text.USBD_FS_SerialStrDescriptor
                0x0000000008009ed8       0x3c build/usbd_desc.o
                0x0000000008009ed8                USBD_FS_SerialStrDescriptor
 .text.USBD_FS_ConfigStrDescriptor
                0x0000000008009f14       0x3c build/usbd_desc.o
                0x0000000008009f14                USBD_FS_ConfigStrDescriptor
 .text.USBD_FS_InterfaceStrDescriptor
                0x0000000008009f50       0x3c build/usbd_desc.o
                0x0000000008009f50                USBD_FS_InterfaceStrDescriptor
 .text.mcp4261_setWiperPosition
                0x0000000008009f8c       0x70 build/mcp4251.o
                0x0000000008009f8c                mcp4261_setWiperPosition
 .text.MX_DMA_Init
                0x0000000008009ffc       0x2c build/dma.o
                0x0000000008009ffc                MX_DMA_Init
 .text.triggerchannel_init
                0x000000000800a028       0xac build/triggerchannel.o
                0x000000000800a028                triggerchannel_init
 .text.triggerchannel_setWiper
                0x000000000800a0d4       0x34 build/triggerchannel.o
                0x000000000800a0d4                triggerchannel_setWiper
 .text.triggerchannel_process
                0x000000000800a108       0x7c build/triggerchannel.o
                0x000000000800a108                triggerchannel_process
 .text.triggerchannel_process_triggerevent
                0x000000000800a184       0x38 build/triggerchannel.o
                0x000000000800a184                triggerchannel_process_triggerevent
 .text.triggerchannel_process_monitor
                0x000000000800a1bc       0x68 build/triggerchannel.o
                0x000000000800a1bc                triggerchannel_process_monitor
 .text.triggerchannel_transition_triggerevent_monitor
                0x000000000800a224       0x30 build/triggerchannel.o
                0x000000000800a224                triggerchannel_transition_triggerevent_monitor
 .text.triggerchannel_transition_monitor_triggerevent
                0x000000000800a254       0x28 build/triggerchannel.o
                0x000000000800a254                triggerchannel_transition_monitor_triggerevent
 .text.triggerchannel_addSample
                0x000000000800a27c       0x58 build/triggerchannel.o
                0x000000000800a27c                triggerchannel_addSample
 .text.triggerchannel_getLastSamplesMax
                0x000000000800a2d4       0x50 build/triggerchannel.o
                0x000000000800a2d4                triggerchannel_getLastSamplesMax
 .text.hihatchannel_init
                0x000000000800a324       0x88 build/hihatchannel.o
                0x000000000800a324                hihatchannel_init
 .text.hihatchannel_process
                0x000000000800a3ac       0x90 build/hihatchannel.o
                0x000000000800a3ac                hihatchannel_process
 .text.hihatchannel_onChange
                0x000000000800a43c       0xe4 build/hihatchannel.o
                0x000000000800a43c                hihatchannel_onChange
 .text.midi_sendNote
                0x000000000800a520       0x98 build/midi.o
                0x000000000800a520                midi_sendNote
 .text.midi_sendControlChange
                0x000000000800a5b8       0x64 build/midi.o
                0x000000000800a5b8                midi_sendControlChange
 .text.midi_createmessage
                0x000000000800a61c       0x6c build/midi.o
                0x000000000800a61c                midi_createmessage
 .text.midi_sendNextMessage
                0x000000000800a688       0xb4 build/midi.o
                0x000000000800a688                midi_sendNextMessage
 .text.midi_onTxComplete
                0x000000000800a73c        0xc build/midi.o
                0x000000000800a73c                midi_onTxComplete
 .text.Reset_Handler
                0x000000000800a748       0x50 build/startup_stm32f303xc.o
                0x000000000800a748                Reset_Handler
 .text.Default_Handler
                0x000000000800a798        0x2 build/startup_stm32f303xc.o
                0x000000000800a798                RTC_Alarm_IRQHandler
                0x000000000800a798                TIM8_TRG_COM_IRQHandler
                0x000000000800a798                TIM8_CC_IRQHandler
                0x000000000800a798                DebugMon_Handler
                0x000000000800a798                TIM1_CC_IRQHandler
                0x000000000800a798                HardFault_Handler
                0x000000000800a798                USB_HP_IRQHandler
                0x000000000800a798                PVD_IRQHandler
                0x000000000800a798                TAMP_STAMP_IRQHandler
                0x000000000800a798                PendSV_Handler
                0x000000000800a798                EXTI3_IRQHandler
                0x000000000800a798                USB_HP_CAN_TX_IRQHandler
                0x000000000800a798                EXTI0_IRQHandler
                0x000000000800a798                I2C2_EV_IRQHandler
                0x000000000800a798                FPU_IRQHandler
                0x000000000800a798                UsageFault_Handler
                0x000000000800a798                ADC1_2_IRQHandler
                0x000000000800a798                SPI1_IRQHandler
                0x000000000800a798                CAN_SCE_IRQHandler
                0x000000000800a798                TIM6_DAC_IRQHandler
                0x000000000800a798                TIM8_UP_IRQHandler
                0x000000000800a798                DMA2_Channel2_IRQHandler
                0x000000000800a798                DMA1_Channel4_IRQHandler
                0x000000000800a798                DMA1_Channel7_IRQHandler
                0x000000000800a798                UART5_IRQHandler
                0x000000000800a798                ADC3_IRQHandler
                0x000000000800a798                TIM4_IRQHandler
                0x000000000800a798                CAN_RX1_IRQHandler
                0x000000000800a798                DMA2_Channel1_IRQHandler
                0x000000000800a798                I2C1_EV_IRQHandler
                0x000000000800a798                DMA1_Channel6_IRQHandler
                0x000000000800a798                UART4_IRQHandler
                0x000000000800a798                DMA2_Channel4_IRQHandler
                0x000000000800a798                RCC_IRQHandler
                0x000000000800a798                DMA1_Channel1_IRQHandler
                0x000000000800a798                Default_Handler
                0x000000000800a798                USBWakeUp_RMP_IRQHandler
                0x000000000800a798                TIM7_IRQHandler
                0x000000000800a798                EXTI9_5_IRQHandler
                0x000000000800a798                RTC_WKUP_IRQHandler
                0x000000000800a798                SPI2_IRQHandler
                0x000000000800a798                MemManage_Handler
                0x000000000800a798                SVC_Handler
                0x000000000800a798                DMA2_Channel5_IRQHandler
                0x000000000800a798                DMA1_Channel5_IRQHandler
                0x000000000800a798                USB_LP_IRQHandler
                0x000000000800a798                EXTI4_IRQHandler
                0x000000000800a798                TIM1_TRG_COM_TIM17_IRQHandler
                0x000000000800a798                DMA1_Channel3_IRQHandler
                0x000000000800a798                ADC4_IRQHandler
                0x000000000800a798                WWDG_IRQHandler
                0x000000000800a798                COMP7_IRQHandler
                0x000000000800a798                COMP1_2_3_IRQHandler
                0x000000000800a798                EXTI1_IRQHandler
                0x000000000800a798                USART2_IRQHandler
                0x000000000800a798                COMP4_5_6_IRQHandler
                0x000000000800a798                I2C2_ER_IRQHandler
                0x000000000800a798                DMA1_Channel2_IRQHandler
                0x000000000800a798                TIM8_BRK_IRQHandler
                0x000000000800a798                FLASH_IRQHandler
                0x000000000800a798                BusFault_Handler
                0x000000000800a798                SPI3_IRQHandler
                0x000000000800a798                I2C1_ER_IRQHandler
                0x000000000800a798                USBWakeUp_IRQHandler
                0x000000000800a798                DMA2_Channel3_IRQHandler
                0x000000000800a798                EXTI2_TSC_IRQHandler
                0x000000000800a798                TIM1_BRK_TIM15_IRQHandler
 *fill*         0x000000000800a79a        0x2 
 .text.__libc_init_array
                0x000000000800a79c       0x4c /usr/lib/gcc/arm-none-eabi/5.1.0/../../../../arm-none-eabi/lib/armv7e-m/softfp/libc_nano.a(lib_a-init.o)
                0x000000000800a79c                __libc_init_array
 .text.malloc   0x000000000800a7e8       0x10 /usr/lib/gcc/arm-none-eabi/5.1.0/../../../../arm-none-eabi/lib/armv7e-m/softfp/libc_nano.a(lib_a-malloc.o)
                0x000000000800a7e8                malloc
 .text.free     0x000000000800a7f8       0x10 /usr/lib/gcc/arm-none-eabi/5.1.0/../../../../arm-none-eabi/lib/armv7e-m/softfp/libc_nano.a(lib_a-malloc.o)
                0x000000000800a7f8                free
 .text.memcpy   0x000000000800a808       0x16 /usr/lib/gcc/arm-none-eabi/5.1.0/../../../../arm-none-eabi/lib/armv7e-m/softfp/libc_nano.a(lib_a-memcpy.o)
                0x000000000800a808                memcpy
 .text.memset   0x000000000800a81e       0x10 /usr/lib/gcc/arm-none-eabi/5.1.0/../../../../arm-none-eabi/lib/armv7e-m/softfp/libc_nano.a(lib_a-memset.o)
                0x000000000800a81e                memset
 *fill*         0x000000000800a82e        0x2 
 .text._free_r  0x000000000800a830       0x8c /usr/lib/gcc/arm-none-eabi/5.1.0/../../../../arm-none-eabi/lib/armv7e-m/softfp/libc_nano.a(lib_a-nano-freer.o)
                0x000000000800a830                _free_r
 .text._malloc_r
                0x000000000800a8bc       0xa8 /usr/lib/gcc/arm-none-eabi/5.1.0/../../../../arm-none-eabi/lib/armv7e-m/softfp/libc_nano.a(lib_a-nano-mallocr.o)
                0x000000000800a8bc                _malloc_r
 .text._sbrk_r  0x000000000800a964       0x20 /usr/lib/gcc/arm-none-eabi/5.1.0/../../../../arm-none-eabi/lib/armv7e-m/softfp/libc_nano.a(lib_a-sbrkr.o)
                0x000000000800a964                _sbrk_r
 .text.sprintf  0x000000000800a984       0x48 /usr/lib/gcc/arm-none-eabi/5.1.0/../../../../arm-none-eabi/lib/armv7e-m/softfp/libc_nano.a(lib_a-sprintf.o)
                0x000000000800a984                sprintf
                0x000000000800a984                siprintf
 .text.__ssputs_r
                0x000000000800a9cc       0xb2 /usr/lib/gcc/arm-none-eabi/5.1.0/../../../../arm-none-eabi/lib/armv7e-m/softfp/libc_nano.a(lib_a-nano-svfprintf.o)
                0x000000000800a9cc                __ssputs_r
 *fill*         0x000000000800aa7e        0x2 
 .text._svfprintf_r
                0x000000000800aa80      0x1e8 /usr/lib/gcc/arm-none-eabi/5.1.0/../../../../arm-none-eabi/lib/armv7e-m/softfp/libc_nano.a(lib_a-nano-svfprintf.o)
                0x000000000800aa80                _svfprintf_r
                0x000000000800aa80                _svfiprintf_r
 .text._printf_common
                0x000000000800ac68       0xec /usr/lib/gcc/arm-none-eabi/5.1.0/../../../../arm-none-eabi/lib/armv7e-m/softfp/libc_nano.a(lib_a-nano-vfprintf_i.o)
                0x000000000800ac68                _printf_common
 .text._printf_i
                0x000000000800ad54      0x24c /usr/lib/gcc/arm-none-eabi/5.1.0/../../../../arm-none-eabi/lib/armv7e-m/softfp/libc_nano.a(lib_a-nano-vfprintf_i.o)
                0x000000000800ad54                _printf_i
 .text.memchr   0x000000000800afa0       0x1e /usr/lib/gcc/arm-none-eabi/5.1.0/../../../../arm-none-eabi/lib/armv7e-m/softfp/libc_nano.a(lib_a-memchr.o)
                0x000000000800afa0                memchr
 .text.memmove  0x000000000800afbe       0x36 /usr/lib/gcc/arm-none-eabi/5.1.0/../../../../arm-none-eabi/lib/armv7e-m/softfp/libc_nano.a(lib_a-memmove.o)
                0x000000000800afbe                memmove
 .text._realloc_r
                0x000000000800aff4       0x4c /usr/lib/gcc/arm-none-eabi/5.1.0/../../../../arm-none-eabi/lib/armv7e-m/softfp/libc_nano.a(lib_a-nano-reallocr.o)
                0x000000000800aff4                _realloc_r
 .text._malloc_usable_size_r
                0x000000000800b040       0x14 /usr/lib/gcc/arm-none-eabi/5.1.0/../../../../arm-none-eabi/lib/armv7e-m/softfp/libc_nano.a(lib_a-nano-msizer.o)
                0x000000000800b040                _malloc_usable_size_r
 .text._sbrk    0x000000000800b054       0x1c /usr/lib/gcc/arm-none-eabi/5.1.0/../../../../arm-none-eabi/lib/armv7e-m/softfp/libnosys.a(sbrk.o)
                0x000000000800b054                _sbrk
 *(.init)
 .init          0x000000000800b070        0x4 /usr/lib/gcc/arm-none-eabi/5.1.0/armv7e-m/softfp/crti.o
                0x000000000800b070                _init
 .init          0x000000000800b074        0x8 /usr/lib/gcc/arm-none-eabi/5.1.0/armv7e-m/softfp/crtn.o
 *(.fini)
 .fini          0x000000000800b07c        0x4 /usr/lib/gcc/arm-none-eabi/5.1.0/armv7e-m/softfp/crti.o
                0x000000000800b07c                _fini
 .fini          0x000000000800b080        0x8 /usr/lib/gcc/arm-none-eabi/5.1.0/armv7e-m/softfp/crtn.o
 *crtbegin.o(.ctors)
 *crtbegin?.o(.ctors)
 *(EXCLUDE_FILE(*crtend.o *crtend?.o) .ctors)
 *(SORT(.ctors.*))
 *(.ctors)
 *crtbegin.o(.dtors)
 *crtbegin?.o(.dtors)
 *(EXCLUDE_FILE(*crtend.o *crtend?.o) .dtors)
 *(SORT(.dtors.*))
 *(.dtors)
 *(.rodata*)
 .rodata.APBAHBPrescTable
                0x000000000800b088       0x10 build/stm32f3xx_hal_rcc.o
                0x000000000800b088                APBAHBPrescTable
 .rodata.PLLMULFactorTable
                0x000000000800b098       0x10 build/stm32f3xx_hal_rcc_ex.o
                0x000000000800b098                PLLMULFactorTable
 .rodata.PredivFactorTable
                0x000000000800b0a8       0x10 build/stm32f3xx_hal_rcc_ex.o
                0x000000000800b0a8                PredivFactorTable
 .rodata        0x000000000800b0b8        0x8 build/main.o
 .rodata        0x000000000800b0c0       0x58 build/usbd_desc.o
 .rodata        0x000000000800b118        0xc build/hihatchannel.o
 .rodata.str1.1
                0x000000000800b124        0x2 /usr/lib/gcc/arm-none-eabi/5.1.0/../../../../arm-none-eabi/lib/armv7e-m/softfp/libc_nano.a(lib_a-impure.o)
 .rodata.str1.1
                0x000000000800b126       0x11 /usr/lib/gcc/arm-none-eabi/5.1.0/../../../../arm-none-eabi/lib/armv7e-m/softfp/libc_nano.a(lib_a-nano-svfprintf.o)
 .rodata.str1.1
                0x000000000800b137       0x22 /usr/lib/gcc/arm-none-eabi/5.1.0/../../../../arm-none-eabi/lib/armv7e-m/softfp/libc_nano.a(lib_a-nano-vfprintf_i.o)
 *(.eh_fram e*)

.eh_frame       0x000000000800b15c        0x0
 .eh_frame      0x000000000800b15c        0x0 /usr/lib/gcc/arm-none-eabi/5.1.0/armv7e-m/softfp/crtbegin.o

.glue_7         0x000000000800b15c        0x0
 .glue_7        0x000000000800b15c        0x0 linker stubs

.glue_7t        0x000000000800b15c        0x0
 .glue_7t       0x000000000800b15c        0x0 linker stubs

.vfp11_veneer   0x000000000800b15c        0x0
 .vfp11_veneer  0x000000000800b15c        0x0 linker stubs

.v4_bx          0x000000000800b15c        0x0
 .v4_bx         0x000000000800b15c        0x0 linker stubs

.iplt           0x000000000800b15c        0x0
 .iplt          0x000000000800b15c        0x0 /usr/lib/gcc/arm-none-eabi/5.1.0/armv7e-m/softfp/crtbegin.o

.rel.dyn        0x000000000800b15c        0x0
 .rel.iplt      0x000000000800b15c        0x0 /usr/lib/gcc/arm-none-eabi/5.1.0/armv7e-m/softfp/crtbegin.o

.ARM.extab
 *(.ARM.extab* .gnu.linkonce.armextab.*)
                0x000000000800b15c                __exidx_start = .

.ARM.exidx
 *(.ARM.exidx* .gnu.linkonce.armexidx.*)
                0x000000000800b15c                __exidx_end = .
                0x000000000800b15c                __etext = .
                0x000000000800b159                _sidata = __etext

.data           0x0000000020000000      0x178 load address 0x000000000800b159
                0x0000000020000000                __data_start__ = .
                0x0000000020000000                _sdata = __data_start__
 *(vtable)
 *(.data*)
 .data.SystemCoreClock
                0x0000000020000000        0x4 build/system_stm32f3xx.o
                0x0000000020000000                SystemCoreClock
 .data.USBD_AUDIO
                0x0000000020000004       0x38 build/usbd_audio.o
                0x0000000020000004                USBD_AUDIO
 .data.USBD_AUDIO_CfgDesc
                0x000000002000003c       0x70 build/usbd_audio.o
 .data.USBD_AUDIO_DeviceQualifierDesc
                0x00000000200000ac        0xc build/usbd_audio.o
 .data.USBD_AUDIO_fops_FS
                0x00000000200000b8       0x1c build/usbd_audio_if.o
                0x00000000200000b8                USBD_AUDIO_fops_FS
 .data.FS_Desc  0x00000000200000d4       0x1c build/usbd_desc.o
                0x00000000200000d4                FS_Desc
 .data.USBD_FS_DeviceDesc
                0x00000000200000f0       0x14 build/usbd_desc.o
                0x00000000200000f0                USBD_FS_DeviceDesc
 .data.USBD_LangIDDesc
                0x0000000020000104        0x4 build/usbd_desc.o
                0x0000000020000104                USBD_LangIDDesc
 .data.impure_data
                0x0000000020000108       0x60 /usr/lib/gcc/arm-none-eabi/5.1.0/../../../../arm-none-eabi/lib/armv7e-m/softfp/libc_nano.a(lib_a-impure.o)
 .data._impure_ptr
                0x0000000020000168        0x4 /usr/lib/gcc/arm-none-eabi/5.1.0/../../../../arm-none-eabi/lib/armv7e-m/softfp/libc_nano.a(lib_a-impure.o)
                0x0000000020000168                _impure_ptr
                0x000000002000016c                . = ALIGN (0x4)
                0x000000002000016c                PROVIDE (__preinit_array_start, .)
 *(.preinit_array)
                0x000000002000016c                PROVIDE (__preinit_array_end, .)
                0x000000002000016c                . = ALIGN (0x4)
                0x000000002000016c                PROVIDE (__init_array_start, .)
 *(SORT(.init_array.*))
 *(.init_array)
 .init_array    0x000000002000016c        0x4 /usr/lib/gcc/arm-none-eabi/5.1.0/armv7e-m/softfp/crtbegin.o
                0x0000000020000170                PROVIDE (__init_array_end, .)
                0x0000000020000170                . = ALIGN (0x4)
                0x0000000020000170                PROVIDE (__fini_array_start, .)
 *(SORT(.fini_array.*))
 *(.fini_array)
 .fini_array    0x0000000020000170        0x4 /usr/lib/gcc/arm-none-eabi/5.1.0/armv7e-m/softfp/crtbegin.o
                0x0000000020000174                PROVIDE (__fini_array_end, .)
 *(.jcr*)
 .jcr           0x0000000020000174        0x0 /usr/lib/gcc/arm-none-eabi/5.1.0/armv7e-m/softfp/crtbegin.o
 .jcr           0x0000000020000174        0x4 /usr/lib/gcc/arm-none-eabi/5.1.0/armv7e-m/softfp/crtend.o
                0x0000000020000178                . = ALIGN (0x4)
                0x0000000020000178                __data_end__ = .
                0x0000000020000178                _edata = __data_end__

.igot.plt       0x0000000020000178        0x0 load address 0x000000000800b2d4
 .igot.plt      0x0000000020000178        0x0 /usr/lib/gcc/arm-none-eabi/5.1.0/armv7e-m/softfp/crtbegin.o

.bss            0x0000000020000178     0x2ec4 load address 0x000000000800b2d4
                0x0000000020000178                . = ALIGN (0x4)
                0x0000000020000178                __bss_start__ = .
                0x0000000020000178                _sbss = __bss_start__
 *(.bss*)
 .bss.completed.8346
                0x0000000020000178        0x1 /usr/lib/gcc/arm-none-eabi/5.1.0/armv7e-m/softfp/crtbegin.o
 *fill*         0x0000000020000179        0x3 
 .bss.object.8351
                0x000000002000017c       0x18 /usr/lib/gcc/arm-none-eabi/5.1.0/armv7e-m/softfp/crtbegin.o
 .bss.uwTick    0x0000000020000194        0x4 build/stm32f3xx_hal.o
 .bss.cfgidx.8713
                0x0000000020000198        0x1 build/usbd_ctlreq.o
 *fill*         0x0000000020000199        0x3 
 .bss.ADC12_CLK_ENABLED
                0x000000002000019c        0x4 build/adc.o
 .bss.ADC34_CLK_ENABLED
                0x00000000200001a0        0x4 build/adc.o
 .bss.irqflag_timer1
                0x00000000200001a4        0x4 build/main.o
                0x00000000200001a4                irqflag_timer1
 .bss.irqflag_timer2
                0x00000000200001a8        0x4 build/main.o
                0x00000000200001a8                irqflag_timer2
 .bss.irqflag_btns
                0x00000000200001ac        0xc build/main.o
                0x00000000200001ac                irqflag_btns
 .bss.btnDebounceIRQTimer
                0x00000000200001b8        0xc build/main.o
                0x00000000200001b8                btnDebounceIRQTimer
 .bss.irqcounter.6901
                0x00000000200001c4        0x4 build/stm32f3xx_it.o
 .bss.remotewakeupon
                0x00000000200001c8        0x4 build/usbd_conf.o
                0x00000000200001c8                remotewakeupon
 .bss.mem.8789  0x00000000200001cc     0x1bd0 build/usbd_conf.o
 .bss.__malloc_sbrk_start
                0x0000000020001d9c        0x4 /usr/lib/gcc/arm-none-eabi/5.1.0/../../../../arm-none-eabi/lib/armv7e-m/softfp/libc_nano.a(lib_a-nano-mallocr.o)
                0x0000000020001d9c                __malloc_sbrk_start
 .bss.__malloc_free_list
                0x0000000020001da0        0x4 /usr/lib/gcc/arm-none-eabi/5.1.0/../../../../arm-none-eabi/lib/armv7e-m/softfp/libc_nano.a(lib_a-nano-mallocr.o)
                0x0000000020001da0                __malloc_free_list
 .bss.heap_end.4169
                0x0000000020001da4        0x4 /usr/lib/gcc/arm-none-eabi/5.1.0/../../../../arm-none-eabi/lib/armv7e-m/softfp/libnosys.a(sbrk.o)
 *(COMMON)
 COMMON         0x0000000020001da8      0x210 build/adc.o
                0x0000000020001da8                hdma_adc4
                0x0000000020001de0                hadc2
                0x0000000020001e2c                hdma_adc3
                0x0000000020001e64                hadc1
                0x0000000020001eb0                hadc3
                0x0000000020001efc                hdma_adc1
                0x0000000020001f34                hadc4
                0x0000000020001f80                hdma_adc2
 COMMON         0x0000000020001fb8      0x7f9 build/main.o
                0x0000000020001fb8                adc4Samples
                0x0000000020001fc0                triggerChannelsRim
                0x00000000200022b8                midi_TxBuffer
                0x00000000200022c4                triggerChannelsHead
                0x00000000200025bc                midi_messageBufferReadHead
                0x00000000200025c0                adc2Samples
                0x0000000020002630                hiHatChannels
                0x00000000200026b8                adc1Samples
                0x0000000020002758                adc3Samples
                0x0000000020002788                midi_MessageBuffer
                0x00000000200027b0                midi_messageBufferWriteHead
 *fill*         0x00000000200027b1        0x3 
 COMMON         0x00000000200027b4       0x60 build/spi.o
                0x00000000200027b4                hspi2
 COMMON         0x0000000020002814       0xb4 build/tim.o
                0x0000000020002814                htim3
                0x0000000020002850                htim1
                0x000000002000288c                htim2
 COMMON         0x00000000200028c8       0xd8 build/usart.o
                0x00000000200028c8                huart3
                0x0000000020002934                huart1
 COMMON         0x00000000200029a0      0x224 build/usb_device.o
                0x00000000200029a0                hUsbDeviceFS
 COMMON         0x0000000020002bc4        0x4 build/usbd_audio_if.o
                0x0000000020002bc4                hUsbDevice_0
 COMMON         0x0000000020002bc8      0x220 build/usbd_conf.o
                0x0000000020002bc8                hpcd_USB_FS
 COMMON         0x0000000020002de8      0x200 build/usbd_desc.o
                0x0000000020002de8                USBD_StrDesc
 COMMON         0x0000000020002fe8       0x50 build/hihatchannel.o
                0x0000000020002fe8                buffer
 COMMON         0x0000000020003038        0x4 /usr/lib/gcc/arm-none-eabi/5.1.0/../../../../arm-none-eabi/lib/armv7e-m/softfp/libc_nano.a(lib_a-reent.o)
                0x0000000020003038                errno
                0x000000002000303c                . = ALIGN (0x4)
                0x000000002000303c                __bss_end__ = .
                0x000000002000303c                _ebss = __bss_end__

.heap           0x000000002000303c        0x0
                0x000000002000303c                __end__ = .
                0x000000002000303c                _end = __end__
                0x000000002000303c                end = __end__
 *(.heap*)
                0x000000002000303c                __HeapLimit = .

.co_stack       0x000000002000303c        0x4 load address 0x000000000800e198
                0x0000000020003040                . = ALIGN (0x8)
 *fill*         0x000000002000303c        0x4 
 *(.co_stack .co_stack.*)
                0x000000002000a000                __StackTop = (ORIGIN (RAM) + 0xa000)
                0x0000000020009ffc                __StackLimit = (__StackTop - SIZEOF (.co_stack))
                0x000000002000a000                PROVIDE (__stack, __StackTop)
                0x0000000000000001                ASSERT ((__StackLimit >= __HeapLimit), region ram overflowed with stack)
OUTPUT(build/Voltdrum_Firmware.elf elf32-littlearm)

.ARM.attributes
                0x0000000000000000       0x2e
 .ARM.attributes
                0x0000000000000000       0x22 /usr/lib/gcc/arm-none-eabi/5.1.0/armv7e-m/softfp/crti.o
 .ARM.attributes
                0x0000000000000022       0x32 /usr/lib/gcc/arm-none-eabi/5.1.0/armv7e-m/softfp/crtbegin.o
 .ARM.attributes
                0x0000000000000054       0x37 build/system_stm32f3xx.o
 .ARM.attributes
                0x000000000000008b       0x37 build/stm32f3xx_hal.o
 .ARM.attributes
                0x00000000000000c2       0x37 build/stm32f3xx_hal_adc.o
 .ARM.attributes
                0x00000000000000f9       0x37 build/stm32f3xx_hal_adc_ex.o
 .ARM.attributes
                0x0000000000000130       0x37 build/stm32f3xx_hal_cortex.o
 .ARM.attributes
                0x0000000000000167       0x37 build/stm32f3xx_hal_dma.o
 .ARM.attributes
                0x000000000000019e       0x37 build/stm32f3xx_hal_gpio.o
 .ARM.attributes
                0x00000000000001d5       0x37 build/stm32f3xx_hal_pcd.o
 .ARM.attributes
                0x000000000000020c       0x37 build/stm32f3xx_hal_pcd_ex.o
 .ARM.attributes
                0x0000000000000243       0x37 build/stm32f3xx_hal_rcc.o
 .ARM.attributes
                0x000000000000027a       0x37 build/stm32f3xx_hal_rcc_ex.o
 .ARM.attributes
                0x00000000000002b1       0x37 build/stm32f3xx_hal_spi.o
 .ARM.attributes
                0x00000000000002e8       0x37 build/stm32f3xx_hal_tim.o
 .ARM.attributes
                0x000000000000031f       0x37 build/stm32f3xx_hal_tim_ex.o
 .ARM.attributes
                0x0000000000000356       0x37 build/stm32f3xx_hal_uart.o
 .ARM.attributes
                0x000000000000038d       0x37 build/usbd_audio.o
 .ARM.attributes
                0x00000000000003c4       0x37 build/usbd_core.o
 .ARM.attributes
                0x00000000000003fb       0x37 build/usbd_ctlreq.o
 .ARM.attributes
                0x0000000000000432       0x37 build/usbd_ioreq.o
 .ARM.attributes
                0x0000000000000469       0x37 build/adc.o
 .ARM.attributes
                0x00000000000004a0       0x37 build/gpio.o
 .ARM.attributes
                0x00000000000004d7       0x37 build/main.o
 .ARM.attributes
                0x000000000000050e       0x37 build/spi.o
 .ARM.attributes
                0x0000000000000545       0x37 build/stm32f3xx_hal_msp.o
 .ARM.attributes
                0x000000000000057c       0x37 build/stm32f3xx_it.o
 .ARM.attributes
                0x00000000000005b3       0x37 build/tim.o
 .ARM.attributes
                0x00000000000005ea       0x37 build/usart.o
 .ARM.attributes
                0x0000000000000621       0x37 build/usb_device.o
 .ARM.attributes
                0x0000000000000658       0x37 build/usbd_audio_if.o
 .ARM.attributes
                0x000000000000068f       0x37 build/usbd_conf.o
 .ARM.attributes
                0x00000000000006c6       0x37 build/usbd_desc.o
 .ARM.attributes
                0x00000000000006fd       0x37 build/mcp4251.o
 .ARM.attributes
                0x0000000000000734       0x37 build/dma.o
 .ARM.attributes
                0x000000000000076b       0x37 build/triggerchannel.o
 .ARM.attributes
                0x00000000000007a2       0x37 build/hihatchannel.o
 .ARM.attributes
                0x00000000000007d9       0x37 build/midi.o
 .ARM.attributes
                0x0000000000000810       0x21 build/startup_stm32f303xc.o
 .ARM.attributes
                0x0000000000000831       0x32 /usr/lib/gcc/arm-none-eabi/5.1.0/../../../../arm-none-eabi/lib/armv7e-m/softfp/libc_nano.a(lib_a-impure.o)
 .ARM.attributes
                0x0000000000000863       0x32 /usr/lib/gcc/arm-none-eabi/5.1.0/../../../../arm-none-eabi/lib/armv7e-m/softfp/libc_nano.a(lib_a-init.o)
 .ARM.attributes
                0x0000000000000895       0x32 /usr/lib/gcc/arm-none-eabi/5.1.0/../../../../arm-none-eabi/lib/armv7e-m/softfp/libc_nano.a(lib_a-malloc.o)
 .ARM.attributes
                0x00000000000008c7       0x32 /usr/lib/gcc/arm-none-eabi/5.1.0/../../../../arm-none-eabi/lib/armv7e-m/softfp/libc_nano.a(lib_a-memcpy.o)
 .ARM.attributes
                0x00000000000008f9       0x32 /usr/lib/gcc/arm-none-eabi/5.1.0/../../../../arm-none-eabi/lib/armv7e-m/softfp/libc_nano.a(lib_a-memset.o)
 .ARM.attributes
                0x000000000000092b       0x32 /usr/lib/gcc/arm-none-eabi/5.1.0/../../../../arm-none-eabi/lib/armv7e-m/softfp/libc_nano.a(lib_a-nano-freer.o)
 .ARM.attributes
                0x000000000000095d       0x32 /usr/lib/gcc/arm-none-eabi/5.1.0/../../../../arm-none-eabi/lib/armv7e-m/softfp/libc_nano.a(lib_a-nano-mallocr.o)
 .ARM.attributes
                0x000000000000098f       0x32 /usr/lib/gcc/arm-none-eabi/5.1.0/../../../../arm-none-eabi/lib/armv7e-m/softfp/libc_nano.a(lib_a-sbrkr.o)
 .ARM.attributes
                0x00000000000009c1       0x32 /usr/lib/gcc/arm-none-eabi/5.1.0/../../../../arm-none-eabi/lib/armv7e-m/softfp/libc_nano.a(lib_a-sprintf.o)
 .ARM.attributes
                0x00000000000009f3       0x32 /usr/lib/gcc/arm-none-eabi/5.1.0/../../../../arm-none-eabi/lib/armv7e-m/softfp/libc_nano.a(lib_a-nano-svfprintf.o)
 .ARM.attributes
                0x0000000000000a25       0x32 /usr/lib/gcc/arm-none-eabi/5.1.0/../../../../arm-none-eabi/lib/armv7e-m/softfp/libc_nano.a(lib_a-nano-vfprintf_i.o)
 .ARM.attributes
                0x0000000000000a57       0x32 /usr/lib/gcc/arm-none-eabi/5.1.0/../../../../arm-none-eabi/lib/armv7e-m/softfp/libc_nano.a(lib_a-reent.o)
 .ARM.attributes
                0x0000000000000a89       0x32 /usr/lib/gcc/arm-none-eabi/5.1.0/../../../../arm-none-eabi/lib/armv7e-m/softfp/libc_nano.a(lib_a-memchr.o)
 .ARM.attributes
                0x0000000000000abb       0x32 /usr/lib/gcc/arm-none-eabi/5.1.0/../../../../arm-none-eabi/lib/armv7e-m/softfp/libc_nano.a(lib_a-memmove.o)
 .ARM.attributes
                0x0000000000000aed       0x32 /usr/lib/gcc/arm-none-eabi/5.1.0/../../../../arm-none-eabi/lib/armv7e-m/softfp/libc_nano.a(lib_a-nano-reallocr.o)
 .ARM.attributes
                0x0000000000000b1f       0x32 /usr/lib/gcc/arm-none-eabi/5.1.0/../../../../arm-none-eabi/lib/armv7e-m/softfp/libc_nano.a(lib_a-nano-msizer.o)
 .ARM.attributes
                0x0000000000000b51       0x32 /usr/lib/gcc/arm-none-eabi/5.1.0/../../../../arm-none-eabi/lib/armv7e-m/softfp/libnosys.a(sbrk.o)
 .ARM.attributes
                0x0000000000000b83       0x32 /usr/lib/gcc/arm-none-eabi/5.1.0/armv7e-m/softfp/crtend.o
 .ARM.attributes
                0x0000000000000bb5       0x22 /usr/lib/gcc/arm-none-eabi/5.1.0/armv7e-m/softfp/crtn.o

.comment        0x0000000000000000       0x1d
 .comment       0x0000000000000000       0x1d build/system_stm32f3xx.o
                                         0x1e (size before relaxing)
 .comment       0x000000000000001d       0x1e build/stm32f3xx_hal.o
 .comment       0x000000000000001d       0x1e build/stm32f3xx_hal_adc.o
 .comment       0x000000000000001d       0x1e build/stm32f3xx_hal_adc_ex.o
 .comment       0x000000000000001d       0x1e build/stm32f3xx_hal_cortex.o
 .comment       0x000000000000001d       0x1e build/stm32f3xx_hal_dma.o
 .comment       0x000000000000001d       0x1e build/stm32f3xx_hal_gpio.o
 .comment       0x000000000000001d       0x1e build/stm32f3xx_hal_pcd.o
 .comment       0x000000000000001d       0x1e build/stm32f3xx_hal_pcd_ex.o
 .comment       0x000000000000001d       0x1e build/stm32f3xx_hal_rcc.o
 .comment       0x000000000000001d       0x1e build/stm32f3xx_hal_rcc_ex.o
 .comment       0x000000000000001d       0x1e build/stm32f3xx_hal_spi.o
 .comment       0x000000000000001d       0x1e build/stm32f3xx_hal_tim.o
 .comment       0x000000000000001d       0x1e build/stm32f3xx_hal_tim_ex.o
 .comment       0x000000000000001d       0x1e build/stm32f3xx_hal_uart.o
 .comment       0x000000000000001d       0x1e build/usbd_audio.o
 .comment       0x000000000000001d       0x1e build/usbd_core.o
 .comment       0x000000000000001d       0x1e build/usbd_ctlreq.o
 .comment       0x000000000000001d       0x1e build/usbd_ioreq.o
 .comment       0x000000000000001d       0x1e build/adc.o
 .comment       0x000000000000001d       0x1e build/gpio.o
 .comment       0x000000000000001d       0x1e build/main.o
 .comment       0x000000000000001d       0x1e build/spi.o
 .comment       0x000000000000001d       0x1e build/stm32f3xx_hal_msp.o
 .comment       0x000000000000001d       0x1e build/stm32f3xx_it.o
 .comment       0x000000000000001d       0x1e build/tim.o
 .comment       0x000000000000001d       0x1e build/usart.o
 .comment       0x000000000000001d       0x1e build/usb_device.o
 .comment       0x000000000000001d       0x1e build/usbd_audio_if.o
 .comment       0x000000000000001d       0x1e build/usbd_conf.o
 .comment       0x000000000000001d       0x1e build/usbd_desc.o
 .comment       0x000000000000001d       0x1e build/mcp4251.o
 .comment       0x000000000000001d       0x1e build/dma.o
 .comment       0x000000000000001d       0x1e build/triggerchannel.o
 .comment       0x000000000000001d       0x1e build/hihatchannel.o
 .comment       0x000000000000001d       0x1e build/midi.o

.debug_info     0x0000000000000000    0x1a525
 .debug_info    0x0000000000000000      0x40a build/system_stm32f3xx.o
 .debug_info    0x000000000000040a      0x6e1 build/stm32f3xx_hal.o
 .debug_info    0x0000000000000aeb      0xc18 build/stm32f3xx_hal_adc.o
 .debug_info    0x0000000000001703     0x14d2 build/stm32f3xx_hal_adc_ex.o
 .debug_info    0x0000000000002bd5      0xbda build/stm32f3xx_hal_cortex.o
 .debug_info    0x00000000000037af      0x5de build/stm32f3xx_hal_dma.o
 .debug_info    0x0000000000003d8d      0x6f7 build/stm32f3xx_hal_gpio.o
 .debug_info    0x0000000000004484     0x105a build/stm32f3xx_hal_pcd.o
 .debug_info    0x00000000000054de      0x701 build/stm32f3xx_hal_pcd_ex.o
 .debug_info    0x0000000000005bdf      0xfa9 build/stm32f3xx_hal_rcc.o
 .debug_info    0x0000000000006b88     0x19f2 build/stm32f3xx_hal_rcc_ex.o
 .debug_info    0x000000000000857a     0x1063 build/stm32f3xx_hal_spi.o
 .debug_info    0x00000000000095dd     0x236b build/stm32f3xx_hal_tim.o
 .debug_info    0x000000000000b948     0x132c build/stm32f3xx_hal_tim_ex.o
 .debug_info    0x000000000000cc74     0x1219 build/stm32f3xx_hal_uart.o
 .debug_info    0x000000000000de8d      0xbfd build/usbd_audio.o
 .debug_info    0x000000000000ea8a      0x9df build/usbd_core.o
 .debug_info    0x000000000000f469      0x91a build/usbd_ctlreq.o
 .debug_info    0x000000000000fd83      0x6ff build/usbd_ioreq.o
 .debug_info    0x0000000000010482      0xb04 build/adc.o
 .debug_info    0x0000000000010f86      0x4ca build/gpio.o
 .debug_info    0x0000000000011450     0x1376 build/main.o
 .debug_info    0x00000000000127c6      0x871 build/spi.o
 .debug_info    0x0000000000013037      0x295 build/stm32f3xx_hal_msp.o
 .debug_info    0x00000000000132cc     0x13f2 build/stm32f3xx_it.o
 .debug_info    0x00000000000146be      0x9ce build/tim.o
 .debug_info    0x000000000001508c      0xac4 build/usart.o
 .debug_info    0x0000000000015b50      0x669 build/usb_device.o
 .debug_info    0x00000000000161b9      0x839 build/usbd_audio_if.o
 .debug_info    0x00000000000169f2     0x1468 build/usbd_conf.o
 .debug_info    0x0000000000017e5a      0x3ba build/usbd_desc.o
 .debug_info    0x0000000000018214      0x775 build/mcp4251.o
 .debug_info    0x0000000000018989      0x1a9 build/dma.o
 .debug_info    0x0000000000018b32      0x591 build/triggerchannel.o
 .debug_info    0x00000000000190c3      0xb64 build/hihatchannel.o
 .debug_info    0x0000000000019c27      0x840 build/midi.o
 .debug_info    0x000000000001a467       0xbe build/startup_stm32f303xc.o

.debug_abbrev   0x0000000000000000     0x3ad5
 .debug_abbrev  0x0000000000000000      0x103 build/system_stm32f3xx.o
 .debug_abbrev  0x0000000000000103      0x187 build/stm32f3xx_hal.o
 .debug_abbrev  0x000000000000028a      0x152 build/stm32f3xx_hal_adc.o
 .debug_abbrev  0x00000000000003dc      0x1d2 build/stm32f3xx_hal_adc_ex.o
 .debug_abbrev  0x00000000000005ae      0x26c build/stm32f3xx_hal_cortex.o
 .debug_abbrev  0x000000000000081a      0x1b7 build/stm32f3xx_hal_dma.o
 .debug_abbrev  0x00000000000009d1      0x1a5 build/stm32f3xx_hal_gpio.o
 .debug_abbrev  0x0000000000000b76      0x234 build/stm32f3xx_hal_pcd.o
 .debug_abbrev  0x0000000000000daa      0x187 build/stm32f3xx_hal_pcd_ex.o
 .debug_abbrev  0x0000000000000f31      0x27c build/stm32f3xx_hal_rcc.o
 .debug_abbrev  0x00000000000011ad      0x23a build/stm32f3xx_hal_rcc_ex.o
 .debug_abbrev  0x00000000000013e7      0x1fa build/stm32f3xx_hal_spi.o
 .debug_abbrev  0x00000000000015e1      0x224 build/stm32f3xx_hal_tim.o
 .debug_abbrev  0x0000000000001805      0x1fd build/stm32f3xx_hal_tim_ex.o
 .debug_abbrev  0x0000000000001a02      0x205 build/stm32f3xx_hal_uart.o
 .debug_abbrev  0x0000000000001c07      0x1e3 build/usbd_audio.o
 .debug_abbrev  0x0000000000001dea      0x1b0 build/usbd_core.o
 .debug_abbrev  0x0000000000001f9a      0x1e0 build/usbd_ctlreq.o
 .debug_abbrev  0x000000000000217a      0x120 build/usbd_ioreq.o
 .debug_abbrev  0x000000000000229a      0x17f build/adc.o
 .debug_abbrev  0x0000000000002419      0x110 build/gpio.o
 .debug_abbrev  0x0000000000002529      0x24b build/main.o
 .debug_abbrev  0x0000000000002774      0x16e build/spi.o
 .debug_abbrev  0x00000000000028e2       0x8a build/stm32f3xx_hal_msp.o
 .debug_abbrev  0x000000000000296c      0x188 build/stm32f3xx_it.o
 .debug_abbrev  0x0000000000002af4      0x15f build/tim.o
 .debug_abbrev  0x0000000000002c53      0x177 build/usart.o
 .debug_abbrev  0x0000000000002dca      0x129 build/usb_device.o
 .debug_abbrev  0x0000000000002ef3      0x179 build/usbd_audio_if.o
 .debug_abbrev  0x000000000000306c      0x244 build/usbd_conf.o
 .debug_abbrev  0x00000000000032b0      0x13e build/usbd_desc.o
 .debug_abbrev  0x00000000000033ee      0x15d build/mcp4251.o
 .debug_abbrev  0x000000000000354b       0xa1 build/dma.o
 .debug_abbrev  0x00000000000035ec      0x19d build/triggerchannel.o
 .debug_abbrev  0x0000000000003789      0x1a5 build/hihatchannel.o
 .debug_abbrev  0x000000000000392e      0x195 build/midi.o
 .debug_abbrev  0x0000000000003ac3       0x12 build/startup_stm32f303xc.o

.debug_loc      0x0000000000000000     0xbb4c
 .debug_loc     0x0000000000000000       0xa0 build/system_stm32f3xx.o
 .debug_loc     0x00000000000000a0      0x4f4 build/stm32f3xx_hal.o
 .debug_loc     0x0000000000000594      0x7e8 build/stm32f3xx_hal_adc.o
 .debug_loc     0x0000000000000d7c      0xbd2 build/stm32f3xx_hal_adc_ex.o
 .debug_loc     0x000000000000194e      0x8f8 build/stm32f3xx_hal_cortex.o
 .debug_loc     0x0000000000002246      0x35c build/stm32f3xx_hal_dma.o
 .debug_loc     0x00000000000025a2      0x2d4 build/stm32f3xx_hal_gpio.o
 .debug_loc     0x0000000000002876      0xb7c build/stm32f3xx_hal_pcd.o
 .debug_loc     0x00000000000033f2      0x170 build/stm32f3xx_hal_pcd_ex.o
 .debug_loc     0x0000000000003562      0x426 build/stm32f3xx_hal_rcc.o
 .debug_loc     0x0000000000003988      0x1ba build/stm32f3xx_hal_rcc_ex.o
 .debug_loc     0x0000000000003b42      0xd8c build/stm32f3xx_hal_spi.o
 .debug_loc     0x00000000000048ce     0x22a8 build/stm32f3xx_hal_tim.o
 .debug_loc     0x0000000000006b76      0xe24 build/stm32f3xx_hal_tim_ex.o
 .debug_loc     0x000000000000799a      0xeb0 build/stm32f3xx_hal_uart.o
 .debug_loc     0x000000000000884a      0x560 build/usbd_audio.o
 .debug_loc     0x0000000000008daa      0x6a0 build/usbd_core.o
 .debug_loc     0x000000000000944a      0x478 build/usbd_ctlreq.o
 .debug_loc     0x00000000000098c2      0x230 build/usbd_ioreq.o
 .debug_loc     0x0000000000009af2      0x1e0 build/adc.o
 .debug_loc     0x0000000000009cd2       0x50 build/gpio.o
 .debug_loc     0x0000000000009d22      0x39a build/main.o
 .debug_loc     0x000000000000a0bc       0xcc build/spi.o
 .debug_loc     0x000000000000a188       0x2c build/stm32f3xx_hal_msp.o
 .debug_loc     0x000000000000a1b4      0x18c build/stm32f3xx_it.o
 .debug_loc     0x000000000000a340      0x190 build/tim.o
 .debug_loc     0x000000000000a4d0       0xf8 build/usart.o
 .debug_loc     0x000000000000a5c8       0x2c build/usb_device.o
 .debug_loc     0x000000000000a5f4      0x2c4 build/usbd_audio_if.o
 .debug_loc     0x000000000000a8b8      0xa00 build/usbd_conf.o
 .debug_loc     0x000000000000b2b8      0x248 build/usbd_desc.o
 .debug_loc     0x000000000000b500       0x50 build/mcp4251.o
 .debug_loc     0x000000000000b550       0x44 build/dma.o
 .debug_loc     0x000000000000b594      0x350 build/triggerchannel.o
 .debug_loc     0x000000000000b8e4       0xfc build/hihatchannel.o
 .debug_loc     0x000000000000b9e0      0x16c build/midi.o

.debug_aranges  0x0000000000000000     0x15c0
 .debug_aranges
                0x0000000000000000       0x28 build/system_stm32f3xx.o
 .debug_aranges
                0x0000000000000028       0xb0 build/stm32f3xx_hal.o
 .debug_aranges
                0x00000000000000d8       0xc8 build/stm32f3xx_hal_adc.o
 .debug_aranges
                0x00000000000001a0      0x138 build/stm32f3xx_hal_adc_ex.o
 .debug_aranges
                0x00000000000002d8      0x100 build/stm32f3xx_hal_cortex.o
 .debug_aranges
                0x00000000000003d8       0x68 build/stm32f3xx_hal_dma.o
 .debug_aranges
                0x0000000000000440       0x58 build/stm32f3xx_hal_gpio.o
 .debug_aranges
                0x0000000000000498      0x120 build/stm32f3xx_hal_pcd.o
 .debug_aranges
                0x00000000000005b8       0x38 build/stm32f3xx_hal_pcd_ex.o
 .debug_aranges
                0x00000000000005f0       0x88 build/stm32f3xx_hal_rcc.o
 .debug_aranges
                0x0000000000000678       0x40 build/stm32f3xx_hal_rcc_ex.o
 .debug_aranges
                0x00000000000006b8      0x168 build/stm32f3xx_hal_spi.o
 .debug_aranges
                0x0000000000000820      0x358 build/stm32f3xx_hal_tim.o
 .debug_aranges
                0x0000000000000b78      0x170 build/stm32f3xx_hal_tim_ex.o
 .debug_aranges
                0x0000000000000ce8      0x178 build/stm32f3xx_hal_uart.o
 .debug_aranges
                0x0000000000000e60       0x98 build/usbd_audio.o
 .debug_aranges
                0x0000000000000ef8       0xb8 build/usbd_core.o
 .debug_aranges
                0x0000000000000fb0       0x88 build/usbd_ctlreq.o
 .debug_aranges
                0x0000000000001038       0x50 build/usbd_ioreq.o
 .debug_aranges
                0x0000000000001088       0x48 build/adc.o
 .debug_aranges
                0x00000000000010d0       0x20 build/gpio.o
 .debug_aranges
                0x00000000000010f0       0x80 build/main.o
 .debug_aranges
                0x0000000000001170       0x30 build/spi.o
 .debug_aranges
                0x00000000000011a0       0x20 build/stm32f3xx_hal_msp.o
 .debug_aranges
                0x00000000000011c0       0x60 build/stm32f3xx_it.o
 .debug_aranges
                0x0000000000001220       0x40 build/tim.o
 .debug_aranges
                0x0000000000001260       0x38 build/usart.o
 .debug_aranges
                0x0000000000001298       0x20 build/usb_device.o
 .debug_aranges
                0x00000000000012b8       0x60 build/usbd_audio_if.o
 .debug_aranges
                0x0000000000001318      0x118 build/usbd_conf.o
 .debug_aranges
                0x0000000000001430       0x50 build/usbd_desc.o
 .debug_aranges
                0x0000000000001480       0x20 build/mcp4251.o
 .debug_aranges
                0x00000000000014a0       0x20 build/dma.o
 .debug_aranges
                0x00000000000014c0       0x68 build/triggerchannel.o
 .debug_aranges
                0x0000000000001528       0x30 build/hihatchannel.o
 .debug_aranges
                0x0000000000001558       0x40 build/midi.o
 .debug_aranges
                0x0000000000001598       0x28 build/startup_stm32f303xc.o

.debug_ranges   0x0000000000000000     0x1378
 .debug_ranges  0x0000000000000000       0x18 build/system_stm32f3xx.o
 .debug_ranges  0x0000000000000018       0xa0 build/stm32f3xx_hal.o
 .debug_ranges  0x00000000000000b8       0xb8 build/stm32f3xx_hal_adc.o
 .debug_ranges  0x0000000000000170      0x128 build/stm32f3xx_hal_adc_ex.o
 .debug_ranges  0x0000000000000298       0xf0 build/stm32f3xx_hal_cortex.o
 .debug_ranges  0x0000000000000388       0x58 build/stm32f3xx_hal_dma.o
 .debug_ranges  0x00000000000003e0       0x48 build/stm32f3xx_hal_gpio.o
 .debug_ranges  0x0000000000000428      0x110 build/stm32f3xx_hal_pcd.o
 .debug_ranges  0x0000000000000538       0x28 build/stm32f3xx_hal_pcd_ex.o
 .debug_ranges  0x0000000000000560       0x78 build/stm32f3xx_hal_rcc.o
 .debug_ranges  0x00000000000005d8       0x30 build/stm32f3xx_hal_rcc_ex.o
 .debug_ranges  0x0000000000000608      0x158 build/stm32f3xx_hal_spi.o
 .debug_ranges  0x0000000000000760      0x348 build/stm32f3xx_hal_tim.o
 .debug_ranges  0x0000000000000aa8      0x160 build/stm32f3xx_hal_tim_ex.o
 .debug_ranges  0x0000000000000c08      0x168 build/stm32f3xx_hal_uart.o
 .debug_ranges  0x0000000000000d70       0x88 build/usbd_audio.o
 .debug_ranges  0x0000000000000df8       0xa8 build/usbd_core.o
 .debug_ranges  0x0000000000000ea0       0x78 build/usbd_ctlreq.o
 .debug_ranges  0x0000000000000f18       0x40 build/usbd_ioreq.o
 .debug_ranges  0x0000000000000f58       0x38 build/adc.o
 .debug_ranges  0x0000000000000f90       0x10 build/gpio.o
 .debug_ranges  0x0000000000000fa0       0x70 build/main.o
 .debug_ranges  0x0000000000001010       0x20 build/spi.o
 .debug_ranges  0x0000000000001030       0x10 build/stm32f3xx_hal_msp.o
 .debug_ranges  0x0000000000001040       0x50 build/stm32f3xx_it.o
 .debug_ranges  0x0000000000001090       0x30 build/tim.o
 .debug_ranges  0x00000000000010c0       0x28 build/usart.o
 .debug_ranges  0x00000000000010e8       0x10 build/usb_device.o
 .debug_ranges  0x00000000000010f8       0x50 build/usbd_audio_if.o
 .debug_ranges  0x0000000000001148      0x108 build/usbd_conf.o
 .debug_ranges  0x0000000000001250       0x40 build/usbd_desc.o
 .debug_ranges  0x0000000000001290       0x10 build/mcp4251.o
 .debug_ranges  0x00000000000012a0       0x10 build/dma.o
 .debug_ranges  0x00000000000012b0       0x58 build/triggerchannel.o
 .debug_ranges  0x0000000000001308       0x20 build/hihatchannel.o
 .debug_ranges  0x0000000000001328       0x30 build/midi.o
 .debug_ranges  0x0000000000001358       0x20 build/startup_stm32f303xc.o

.debug_line     0x0000000000000000     0xa7f3
 .debug_line    0x0000000000000000      0x16b build/system_stm32f3xx.o
 .debug_line    0x000000000000016b      0x2b4 build/stm32f3xx_hal.o
 .debug_line    0x000000000000041f      0x31c build/stm32f3xx_hal_adc.o
 .debug_line    0x000000000000073b      0xf70 build/stm32f3xx_hal_adc_ex.o
 .debug_line    0x00000000000016ab      0x3f2 build/stm32f3xx_hal_cortex.o
 .debug_line    0x0000000000001a9d     0x105d build/stm32f3xx_hal_dma.o
 .debug_line    0x0000000000002afa      0x2ec build/stm32f3xx_hal_gpio.o
 .debug_line    0x0000000000002de6      0x776 build/stm32f3xx_hal_pcd.o
 .debug_line    0x000000000000355c      0x201 build/stm32f3xx_hal_pcd_ex.o
 .debug_line    0x000000000000375d      0x5ff build/stm32f3xx_hal_rcc.o
 .debug_line    0x0000000000003d5c      0xa8a build/stm32f3xx_hal_rcc_ex.o
 .debug_line    0x00000000000047e6      0xa50 build/stm32f3xx_hal_spi.o
 .debug_line    0x0000000000005236     0x13b0 build/stm32f3xx_hal_tim.o
 .debug_line    0x00000000000065e6      0x8c0 build/stm32f3xx_hal_tim_ex.o
 .debug_line    0x0000000000006ea6      0x99b build/stm32f3xx_hal_uart.o
 .debug_line    0x0000000000007841      0x302 build/usbd_audio.o
 .debug_line    0x0000000000007b43      0x313 build/usbd_core.o
 .debug_line    0x0000000000007e56      0x36c build/usbd_ctlreq.o
 .debug_line    0x00000000000081c2      0x1b0 build/usbd_ioreq.o
 .debug_line    0x0000000000008372      0x327 build/adc.o
 .debug_line    0x0000000000008699      0x151 build/gpio.o
 .debug_line    0x00000000000087ea      0x421 build/main.o
 .debug_line    0x0000000000008c0b      0x1bb build/spi.o
 .debug_line    0x0000000000008dc6      0x10c build/stm32f3xx_hal_msp.o
 .debug_line    0x0000000000008ed2      0x29e build/stm32f3xx_it.o
 .debug_line    0x0000000000009170      0x20c build/tim.o
 .debug_line    0x000000000000937c      0x1ec build/usart.o
 .debug_line    0x0000000000009568      0x179 build/usb_device.o
 .debug_line    0x00000000000096e1      0x1e8 build/usbd_audio_if.o
 .debug_line    0x00000000000098c9      0x423 build/usbd_conf.o
 .debug_line    0x0000000000009cec      0x183 build/usbd_desc.o
 .debug_line    0x0000000000009e6f      0x190 build/mcp4251.o
 .debug_line    0x0000000000009fff       0xfe build/dma.o
 .debug_line    0x000000000000a0fd      0x240 build/triggerchannel.o
 .debug_line    0x000000000000a33d      0x229 build/hihatchannel.o
 .debug_line    0x000000000000a566      0x1e2 build/midi.o
 .debug_line    0x000000000000a748       0xab build/startup_stm32f303xc.o

.debug_str      0x0000000000000000     0x5f6e
 .debug_str     0x0000000000000000      0x296 build/system_stm32f3xx.o
                                        0x2f6 (size before relaxing)
 .debug_str     0x0000000000000296      0x646 build/stm32f3xx_hal.o
                                        0x833 (size before relaxing)
 .debug_str     0x00000000000008dc      0x716 build/stm32f3xx_hal_adc.o
                                        0x9b8 (size before relaxing)
 .debug_str     0x0000000000000ff2      0x5ac build/stm32f3xx_hal_adc_ex.o
                                        0xea9 (size before relaxing)
 .debug_str     0x000000000000159e      0x297 build/stm32f3xx_hal_cortex.o
                                        0xa00 (size before relaxing)
 .debug_str     0x0000000000001835      0x145 build/stm32f3xx_hal_dma.o
                                        0x4f3 (size before relaxing)
 .debug_str     0x000000000000197a      0x1dd build/stm32f3xx_hal_gpio.o
                                        0x446 (size before relaxing)
 .debug_str     0x0000000000001b57      0x547 build/stm32f3xx_hal_pcd.o
                                        0x7fe (size before relaxing)
 .debug_str     0x000000000000209e       0xbf build/stm32f3xx_hal_pcd_ex.o
                                        0x533 (size before relaxing)
 .debug_str     0x000000000000215d      0x2b4 build/stm32f3xx_hal_rcc.o
                                        0x5bf (size before relaxing)
 .debug_str     0x0000000000002411      0x215 build/stm32f3xx_hal_rcc_ex.o
                                        0x561 (size before relaxing)
 .debug_str     0x0000000000002626      0x635 build/stm32f3xx_hal_spi.o
                                        0xa3e (size before relaxing)
 .debug_str     0x0000000000002c5b      0xe82 build/stm32f3xx_hal_tim.o
                                       0x12a6 (size before relaxing)
 .debug_str     0x0000000000003add      0x5d7 build/stm32f3xx_hal_tim_ex.o
                                        0xd14 (size before relaxing)
 .debug_str     0x00000000000040b4      0x785 build/stm32f3xx_hal_uart.o
                                        0xc59 (size before relaxing)
 .debug_str     0x0000000000004839      0x65c build/usbd_audio.o
                                        0x8c6 (size before relaxing)
 .debug_str     0x0000000000004e95      0x1c5 build/usbd_core.o
                                        0x73d (size before relaxing)
 .debug_str     0x000000000000505a      0x12c build/usbd_ctlreq.o
                                        0x6c3 (size before relaxing)
 .debug_str     0x0000000000005186       0xc6 build/usbd_ioreq.o
                                        0x64b (size before relaxing)
 .debug_str     0x000000000000524c       0xb2 build/adc.o
                                        0x8bc (size before relaxing)
 .debug_str     0x00000000000052fe       0x18 build/gpio.o
                                        0x6a5 (size before relaxing)
 .debug_str     0x0000000000005316      0x444 build/main.o
                                       0x1023 (size before relaxing)
 .debug_str     0x000000000000575a       0x1d build/spi.o
                                        0x724 (size before relaxing)
 .debug_str     0x0000000000005777       0x18 build/stm32f3xx_hal_msp.o
                                        0x5d6 (size before relaxing)
 .debug_str     0x000000000000578f       0xd2 build/stm32f3xx_it.o
                                        0xf1f (size before relaxing)
 .debug_str     0x0000000000005861       0x3b build/tim.o
                                        0xada (size before relaxing)
 .debug_str     0x000000000000589c       0x34 build/usart.o
                                        0xbc3 (size before relaxing)
 .debug_str     0x00000000000058d0       0x4c build/usb_device.o
                                        0x5f0 (size before relaxing)
 .debug_str     0x000000000000591c       0xea build/usbd_audio_if.o
                                        0x742 (size before relaxing)
 .debug_str     0x0000000000005a06      0x15b build/usbd_conf.o
                                        0xfd2 (size before relaxing)
 .debug_str     0x0000000000005b61      0x10b build/usbd_desc.o
                                        0x3da (size before relaxing)
 .debug_str     0x0000000000005c6c       0x45 build/mcp4251.o
                                        0x6cc (size before relaxing)
 .debug_str     0x0000000000005cb1       0x16 build/dma.o
                                        0x1f8 (size before relaxing)
 .debug_str     0x0000000000005cc7      0x1c8 build/triggerchannel.o
                                        0x520 (size before relaxing)
 .debug_str     0x0000000000005e8f       0x73 build/hihatchannel.o
                                        0xa35 (size before relaxing)
 .debug_str     0x0000000000005f02       0x6c build/midi.o
                                        0x78e (size before relaxing)

.debug_frame    0x0000000000000000     0x5fb0
 .debug_frame   0x0000000000000000       0x5c build/system_stm32f3xx.o
 .debug_frame   0x000000000000005c      0x2b4 build/stm32f3xx_hal.o
 .debug_frame   0x0000000000000310      0x380 build/stm32f3xx_hal_adc.o
 .debug_frame   0x0000000000000690      0x5c4 build/stm32f3xx_hal_adc_ex.o
 .debug_frame   0x0000000000000c54      0x460 build/stm32f3xx_hal_cortex.o
 .debug_frame   0x00000000000010b4      0x1a4 build/stm32f3xx_hal_dma.o
 .debug_frame   0x0000000000001258      0x154 build/stm32f3xx_hal_gpio.o
 .debug_frame   0x00000000000013ac      0x568 build/stm32f3xx_hal_pcd.o
 .debug_frame   0x0000000000001914       0xb0 build/stm32f3xx_hal_pcd_ex.o
 .debug_frame   0x00000000000019c4      0x220 build/stm32f3xx_hal_rcc.o
 .debug_frame   0x0000000000001be4       0xdc build/stm32f3xx_hal_rcc_ex.o
 .debug_frame   0x0000000000001cc0      0x6a0 build/stm32f3xx_hal_spi.o
 .debug_frame   0x0000000000002360     0x1050 build/stm32f3xx_hal_tim.o
 .debug_frame   0x00000000000033b0      0x6c8 build/stm32f3xx_hal_tim_ex.o
 .debug_frame   0x0000000000003a78      0x6f4 build/stm32f3xx_hal_uart.o
 .debug_frame   0x000000000000416c      0x290 build/usbd_audio.o
 .debug_frame   0x00000000000043fc      0x330 build/usbd_core.o
 .debug_frame   0x000000000000472c      0x240 build/usbd_ctlreq.o
 .debug_frame   0x000000000000496c      0x128 build/usbd_ioreq.o
 .debug_frame   0x0000000000004a94      0x100 build/adc.o
 .debug_frame   0x0000000000004b94       0x38 build/gpio.o
 .debug_frame   0x0000000000004bcc      0x1fc build/main.o
 .debug_frame   0x0000000000004dc8       0x7c build/spi.o
 .debug_frame   0x0000000000004e44       0x2c build/stm32f3xx_hal_msp.o
 .debug_frame   0x0000000000004e70      0x10c build/stm32f3xx_it.o
 .debug_frame   0x0000000000004f7c       0xd8 build/tim.o
 .debug_frame   0x0000000000005054       0x98 build/usart.o
 .debug_frame   0x00000000000050ec       0x2c build/usb_device.o
 .debug_frame   0x0000000000005118      0x15c build/usbd_audio_if.o
 .debug_frame   0x0000000000005274      0x504 build/usbd_conf.o
 .debug_frame   0x0000000000005778      0x128 build/usbd_desc.o
 .debug_frame   0x00000000000058a0       0x38 build/mcp4251.o
 .debug_frame   0x00000000000058d8       0x34 build/dma.o
 .debug_frame   0x000000000000590c      0x1a0 build/triggerchannel.o
 .debug_frame   0x0000000000005aac       0x88 build/hihatchannel.o
 .debug_frame   0x0000000000005b34       0xcc build/midi.o
 .debug_frame   0x0000000000005c00       0x2c /usr/lib/gcc/arm-none-eabi/5.1.0/../../../../arm-none-eabi/lib/armv7e-m/softfp/libc_nano.a(lib_a-init.o)
 .debug_frame   0x0000000000005c2c       0x30 /usr/lib/gcc/arm-none-eabi/5.1.0/../../../../arm-none-eabi/lib/armv7e-m/softfp/libc_nano.a(lib_a-malloc.o)
 .debug_frame   0x0000000000005c5c       0x28 /usr/lib/gcc/arm-none-eabi/5.1.0/../../../../arm-none-eabi/lib/armv7e-m/softfp/libc_nano.a(lib_a-memcpy.o)
 .debug_frame   0x0000000000005c84       0x20 /usr/lib/gcc/arm-none-eabi/5.1.0/../../../../arm-none-eabi/lib/armv7e-m/softfp/libc_nano.a(lib_a-memset.o)
 .debug_frame   0x0000000000005ca4       0x2c /usr/lib/gcc/arm-none-eabi/5.1.0/../../../../arm-none-eabi/lib/armv7e-m/softfp/libc_nano.a(lib_a-nano-freer.o)
 .debug_frame   0x0000000000005cd0       0x2c /usr/lib/gcc/arm-none-eabi/5.1.0/../../../../arm-none-eabi/lib/armv7e-m/softfp/libc_nano.a(lib_a-nano-mallocr.o)
 .debug_frame   0x0000000000005cfc       0x2c /usr/lib/gcc/arm-none-eabi/5.1.0/../../../../arm-none-eabi/lib/armv7e-m/softfp/libc_nano.a(lib_a-sbrkr.o)
 .debug_frame   0x0000000000005d28       0x70 /usr/lib/gcc/arm-none-eabi/5.1.0/../../../../arm-none-eabi/lib/armv7e-m/softfp/libc_nano.a(lib_a-sprintf.o)
 .debug_frame   0x0000000000005d98       0x90 /usr/lib/gcc/arm-none-eabi/5.1.0/../../../../arm-none-eabi/lib/armv7e-m/softfp/libc_nano.a(lib_a-nano-svfprintf.o)
 .debug_frame   0x0000000000005e28       0x60 /usr/lib/gcc/arm-none-eabi/5.1.0/../../../../arm-none-eabi/lib/armv7e-m/softfp/libc_nano.a(lib_a-nano-vfprintf_i.o)
 .debug_frame   0x0000000000005e88       0x5c /usr/lib/gcc/arm-none-eabi/5.1.0/../../../../arm-none-eabi/lib/armv7e-m/softfp/libc_nano.a(lib_a-reent.o)
 .debug_frame   0x0000000000005ee4       0x28 /usr/lib/gcc/arm-none-eabi/5.1.0/../../../../arm-none-eabi/lib/armv7e-m/softfp/libc_nano.a(lib_a-memchr.o)